Archive member included to satisfy reference by file (symbol)

C:\Users\danie\Documents\MCUXpressoIDE_25.6.136\lpc1769_drivers\CMSISv2p00_LPC17xx\Debug\libCMSISv2p00_LPC17xx.a(system_LPC17xx.o)
                              ./src/motor.o (SystemCoreClock)
C:\Users\danie\Documents\MCUXpressoIDE_25.6.136\lpc1769_drivers\CMSISv2p00_LPC17xx\Debug\libCMSISv2p00_LPC17xx.a(lpc17xx_adc.o)
                              ./src/pot.o (ADC_Init)
C:\Users\danie\Documents\MCUXpressoIDE_25.6.136\lpc1769_drivers\CMSISv2p00_LPC17xx\Debug\libCMSISv2p00_LPC17xx.a(lpc17xx_clkpwr.o)
                              C:\Users\danie\Documents\MCUXpressoIDE_25.6.136\lpc1769_drivers\CMSISv2p00_LPC17xx\Debug\libCMSISv2p00_LPC17xx.a(lpc17xx_adc.o) (CLKPWR_GetPCLK)
C:\Users\danie\Documents\MCUXpressoIDE_25.6.136\lpc1769_drivers\CMSISv2p00_LPC17xx\Debug\libCMSISv2p00_LPC17xx.a(lpc17xx_exti.o)
                              ./src/limit_switches.o (EXTI_Init)
C:\Users\danie\Documents\MCUXpressoIDE_25.6.136\lpc1769_drivers\CMSISv2p00_LPC17xx\Debug\libCMSISv2p00_LPC17xx.a(lpc17xx_gpio.o)
                              ./src/motor.o (GPIO_SetDir)
C:\Users\danie\Documents\MCUXpressoIDE_25.6.136\lpc1769_drivers\CMSISv2p00_LPC17xx\Debug\libCMSISv2p00_LPC17xx.a(lpc17xx_libcfg_default.o)
                              C:\Users\danie\Documents\MCUXpressoIDE_25.6.136\lpc1769_drivers\CMSISv2p00_LPC17xx\Debug\libCMSISv2p00_LPC17xx.a(lpc17xx_adc.o) (check_failed)
C:\Users\danie\Documents\MCUXpressoIDE_25.6.136\lpc1769_drivers\CMSISv2p00_LPC17xx\Debug\libCMSISv2p00_LPC17xx.a(lpc17xx_pinsel.o)
                              ./src/encoder.o (PINSEL_ConfigPin)
C:\Users\danie\Documents\MCUXpressoIDE_25.6.136\lpc1769_drivers\CMSISv2p00_LPC17xx\Debug\libCMSISv2p00_LPC17xx.a(lpc17xx_qei.o)
                              ./src/encoder.o (QEI_Reset)
C:\Users\danie\Documents\MCUXpressoIDE_25.6.136\lpc1769_drivers\CMSISv2p00_LPC17xx\Debug\libCMSISv2p00_LPC17xx.a(lpc17xx_uart.o)
                              ./src/comms.o (UART_PinConfig)
C:/nxp/MCUXpressoIDE_25.6.136/ide/plugins/com.nxp.mcuxpresso.tools.win32_25.6.0.202501151204/tools/bin/../lib/gcc/arm-none-eabi/14.2.1/../../../../arm-none-eabi/lib/thumb/v7-m/nofp\libcr_c.a(__weak__main.o)
                              ./src/cr_startup_lpc175x_6x.o (__main)
C:/nxp/MCUXpressoIDE_25.6.136/ide/plugins/com.nxp.mcuxpresso.tools.win32_25.6.0.202501151204/tools/bin/../lib/gcc/arm-none-eabi/14.2.1/../../../../arm-none-eabi/lib/thumb/v7-m/nofp\libcr_c.a(strlen.o)
                              ./src/comms.o (strlen)
C:/nxp/MCUXpressoIDE_25.6.136/ide/plugins/com.nxp.mcuxpresso.tools.win32_25.6.0.202501151204/tools/bin/../lib/gcc/arm-none-eabi/14.2.1/thumb/v7-m/nofp\libcr_eabihelpers.a(division_64.o)
                              C:\Users\danie\Documents\MCUXpressoIDE_25.6.136\lpc1769_drivers\CMSISv2p00_LPC17xx\Debug\libCMSISv2p00_LPC17xx.a(system_LPC17xx.o) (__aeabi_uldivmod)
C:/nxp/MCUXpressoIDE_25.6.136/ide/plugins/com.nxp.mcuxpresso.tools.win32_25.6.0.202501151204/tools/bin/../lib/gcc/arm-none-eabi/14.2.1/thumb/v7-m/nofp\libcr_eabihelpers.a(division_idiv0.o)
                              C:/nxp/MCUXpressoIDE_25.6.136/ide/plugins/com.nxp.mcuxpresso.tools.win32_25.6.0.202501151204/tools/bin/../lib/gcc/arm-none-eabi/14.2.1/thumb/v7-m/nofp\libcr_eabihelpers.a(division_64.o) (__aeabi_idiv0)

Discarded input sections

 .group         0x00000000        0xc ./src/comms.o
 .group         0x00000000        0xc ./src/comms.o
 .group         0x00000000        0xc ./src/comms.o
 .group         0x00000000        0xc ./src/comms.o
 .group         0x00000000        0xc ./src/comms.o
 .group         0x00000000        0xc ./src/comms.o
 .group         0x00000000        0xc ./src/comms.o
 .group         0x00000000        0xc ./src/comms.o
 .group         0x00000000        0xc ./src/comms.o
 .group         0x00000000        0xc ./src/comms.o
 .group         0x00000000        0xc ./src/comms.o
 .group         0x00000000        0xc ./src/comms.o
 .text          0x00000000        0x0 ./src/comms.o
 .data          0x00000000        0x0 ./src/comms.o
 .bss           0x00000000        0x0 ./src/comms.o
 .group         0x00000000        0xc ./src/cr_startup_lpc175x_6x.o
 .text          0x00000000        0x0 ./src/cr_startup_lpc175x_6x.o
 .data          0x00000000        0x0 ./src/cr_startup_lpc175x_6x.o
 .bss           0x00000000        0x0 ./src/cr_startup_lpc175x_6x.o
 .debug_macro   0x00000000      0xade ./src/cr_startup_lpc175x_6x.o
 .group         0x00000000        0xc ./src/crp.o
 .group         0x00000000        0xc ./src/crp.o
 .text          0x00000000        0x0 ./src/crp.o
 .data          0x00000000        0x0 ./src/crp.o
 .bss           0x00000000        0x0 ./src/crp.o
 .debug_macro   0x00000000      0xade ./src/crp.o
 .group         0x00000000        0xc ./src/encoder.o
 .group         0x00000000        0xc ./src/encoder.o
 .group         0x00000000        0xc ./src/encoder.o
 .group         0x00000000        0xc ./src/encoder.o
[...]
Memory Configuration

Name             Origin             Length             Attributes
MFlash512        0x00000000         0x00080000         xr
RamLoc32         0x10000000         0x00008000         xrw
RamAHB32         0x2007c000         0x00008000         xrw
*default*        0x00000000         0xffffffff

Linker script and memory map

LOAD ./src/comms.o
LOAD ./src/cr_startup_lpc175x_6x.o
LOAD ./src/crp.o
LOAD ./src/encoder.o
LOAD ./src/homing.o
LOAD ./src/limit_switches.o
LOAD ./src/main.o
LOAD ./src/motor.o
LOAD ./src/pot.o
LOAD C:\Users\danie\Documents\MCUXpressoIDE_25.6.136\lpc1769_drivers\CMSISv2p00_LPC17xx\Debug\libCMSISv2p00_LPC17xx.a
START GROUP
LOAD C:/nxp/MCUXpressoIDE_25.6.136/ide/plugins/com.nxp.mcuxpresso.tools.win32_25.6.0.202501151204/tools/bin/../lib/gcc/arm-none-eabi/14.2.1/../../../../arm-none-eabi/lib/thumb/v7-m/nofp\libcr_c.a
LOAD C:/nxp/MCUXpressoIDE_25.6.136/ide/plugins/com.nxp.mcuxpresso.tools.win32_25.6.0.202501151204/tools/bin/../lib/gcc/arm-none-eabi/14.2.1/thumb/v7-m/nofp\libcr_eabihelpers.a
LOAD C:/nxp/MCUXpressoIDE_25.6.136/ide/plugins/com.nxp.mcuxpresso.tools.win32_25.6.0.202501151204/tools/bin/../lib/gcc/arm-none-eabi/14.2.1/thumb/v7-m/nofp\libgcc.a
END GROUP
                0x00000000                        __base_MFlash512 = 0x0
                0x00000000                        __base_Flash = 0x0
                0x00080000                        __top_MFlash512 = 0x80000
                0x00080000                        __top_Flash = 0x80000
                0x10000000                        __base_RamLoc32 = 0x10000000
                0x10000000                        __base_RAM = 0x10000000
                0x10008000                        __top_RamLoc32 = 0x10008000
                0x10008000                        __top_RAM = 0x10008000
                0x2007c000                        __base_RamAHB32 = 0x2007c000
                0x2007c000                        __base_RAM2 = 0x2007c000
                0x20084000                        __top_RamAHB32 = 0x20084000
                0x20084000                        __top_RAM2 = 0x20084000

.text           0x00000000     0x222c
 FILL mask 0xff
                0x00000000                        __vectors_start__ = ABSOLUTE (.)
 *(.isr_vector)
 .isr_vector    0x00000000       0xcc ./src/cr_startup_lpc175x_6x.o
                0x00000000                g_pfnVectors
                0x000000cc                        . = ALIGN (0x4)
                0x000000cc                        __section_table_start = .
                0x000000cc                        __data_section_table = .
                0x000000cc        0x4 LONG 0x222c LOADADDR (.data)
                0x000000d0        0x4 LONG 0x10000000 ADDR (.data)
                0x000000d4        0x4 LONG 0xc SIZEOF (.data)
                0x000000d8        0x4 LONG 0x222c LOADADDR (.data_RAM2)
                0x000000dc        0x4 LONG 0x2007c000 ADDR (.data_RAM2)
                0x000000e0        0x4 LONG 0x0 SIZEOF (.data_RAM2)
                0x000000e4                        __data_section_table_end = .
                0x000000e4                        __bss_section_table = .
                0x000000e4        0x4 LONG 0x1000000c ADDR (.bss)
                0x000000e8        0x4 LONG 0x6c SIZEOF (.bss)
                0x000000ec        0x4 LONG 0x2007c000 ADDR (.bss_RAM2)
                0x000000f0        0x4 LONG 0x0 SIZEOF (.bss_RAM2)
                0x000000f4                        __bss_section_table_end = .
                0x000000f4                        __section_table_end = .
 *(.after_vectors*)
 .after_vectors
                0x000000f4      0x148 ./src/cr_startup_lpc175x_6x.o
                0x000000f4                data_init
                0x00000138                bss_init
                0x00000170                ResetISR
                0x000001ec                NMI_Handler
                0x000001f4                HardFault_Handler
                0x000001fc                MemManage_Handler
                0x00000204                BusFault_Handler
                0x0000020c                UsageFault_Handler
                0x00000214                SVC_Handler
                0x0000021c                DebugMon_Handler
                0x00000224                PendSV_Handler
                0x00000234                UART1_IRQHandler
                0x00000234                EINT3_IRQHandler
                0x00000234                CANActivity_IRQHandler
                0x00000234                TIMER3_IRQHandler
                0x00000234                USBActivity_IRQHandler
                0x00000234                EINT2_IRQHandler
                0x00000234                IntDefaultHandler
                0x00000234                PLL0_IRQHandler
                0x00000234                I2C0_IRQHandler
                0x00000234                PLL1_IRQHandler
                0x00000234                SSP0_IRQHandler
                0x00000234                I2C1_IRQHandler
                0x00000234                I2C2_IRQHandler
                0x00000234                RTC_IRQHandler
                0x00000234                TIMER0_IRQHandler
                0x00000234                SPI_IRQHandler
                0x00000234                RIT_IRQHandler
                0x00000234                TIMER1_IRQHandler
                0x00000234                UART2_IRQHandler
                0x00000234                ADC_IRQHandler
                0x00000234                SSP1_IRQHandler
                0x00000234                USB_IRQHandler
                0x00000234                BOD_IRQHandler
                0x00000234                PWM1_IRQHandler
                0x00000234                WDT_IRQHandler
                0x00000234                I2S_IRQHandler
                0x00000234                QEI_IRQHandler
                0x00000234                CAN_IRQHandler
                0x00000234                DMA_IRQHandler
                0x00000234                TIMER2_IRQHandler
                0x00000234                UART3_IRQHandler
                0x00000234                MCPWM_IRQHandler
                0x00000234                ENET_IRQHandler
                0x000002fc                        . = 0x2fc
 *fill*         0x0000023c       0xc0 ff
                0x000002fc                        PROVIDE (__CRP_WORD_START__ = .)
 *(.crp)
 .crp           0x000002fc        0x4 ./src/crp.o
                0x000002fc                CRP_WORD
                0x00000300                        PROVIDE (__CRP_WORD_END__ = .)
                0x00000001                        ASSERT (! ((__CRP_WORD_START__ == __CRP_WORD_END__)), Linker CRP Enabled, but no CRP_WORD provided within application)
 *(.text*)
 .text.NVIC_EnableIRQ
                0x00000300       0x30 ./src/comms.o
 .text.NVIC_SetPriority
                0x00000330       0x54 ./src/comms.o
 .text.comms_init
                0x00000384       0x80 ./src/comms.o
                0x00000384                comms_init
 .text.send_str
                0x00000404       0x28 ./src/comms.o
 .text.send_cmm
                0x0000042c      0x158 ./src/comms.o
 .text.parse_centimm
                0x00000584      0x13c ./src/comms.o
 .text.comms_task
                0x000006c0       0xd0 ./src/comms.o
                0x000006c0                comms_task
 .text.UART0_IRQHandler
                0x00000790       0xb4 ./src/comms.o
                0x00000790                UART0_IRQHandler
 .text.encoder_init
                0x00000844       0xa8 ./src/encoder.o
                0x00000844                encoder_init
 .text.encoder_debug_update
                0x000008ec       0xbc ./src/encoder.o
                0x000008ec                encoder_debug_update
 .text.encoder_zero
                0x000009a8       0x14 ./src/encoder.o
                0x000009a8                encoder_zero
 .text.encoder_posicion_centimm
                0x000009bc       0x58 ./src/encoder.o
                0x000009bc                encoder_posicion_centimm
 .text.homing_run
                0x00000a14       0x5c ./src/homing.o
                0x00000a14                homing_run
 .text.NVIC_SetPriority
                0x00000a70       0x54 ./src/limit_switches.o
 .text.limits_init
                0x00000ac4       0x52 ./src/limit_switches.o
                0x00000ac4                limits_init
 .text.limit_pressed
                0x00000b16       0x26 ./src/limit_switches.o
                0x00000b16                limit_pressed
 .text.EINT0_IRQHandler
                0x00000b3c       0x2a ./src/limit_switches.o
                0x00000b3c                EINT0_IRQHandler
 .text.EINT1_IRQHandler
                0x00000b66       0x2a ./src/limit_switches.o
                0x00000b66                EINT1_IRQHandler
 .text.main     0x00000b90       0x34 ./src/main.o
                0x00000b90                main
 .text.NVIC_SetPriority
                0x00000bc4       0x54 ./src/motor.o
 .text.SysTick_Config
                0x00000c18       0x44 ./src/motor.o
 .text.motor_init
                0x00000c5c       0x30 ./src/motor.o
                0x00000c5c                motor_init
 .text.motor_configPins
                0x00000c8c       0x62 ./src/motor.o
 .text.applyDir
                0x00000cee       0x2a ./src/motor.o
 .text.motor_move
                0x00000d18       0xb4 ./src/motor.o
                0x00000d18                motor_move
 .text.motor_jog
                0x00000dcc       0x94 ./src/motor.o
                0x00000dcc                motor_jog
 .text.motor_stop
                0x00000e60       0x18 ./src/motor.o
                0x00000e60                motor_stop
 .text.motor_busy
                0x00000e78       0x20 ./src/motor.o
                0x00000e78                motor_busy
 .text.motor_dir
                0x00000e98       0x18 ./src/motor.o
                0x00000e98                motor_dir
 .text.motor_position_centimm
                0x00000eb0       0x4c ./src/motor.o
                0x00000eb0                motor_position_centimm
 .text.motor_set_position
                0x00000efc       0x1c ./src/motor.o
                0x00000efc                motor_set_position
 .text.motor_goto_steps
                0x00000f18       0x40 ./src/motor.o
                0x00000f18                motor_goto_steps
 .text.motor_goto_centimm
                0x00000f58       0x50 ./src/motor.o
                0x00000f58                motor_goto_centimm
 .text.motor_set_max_speed
                0x00000fa8       0x34 ./src/motor.o
                0x00000fa8                motor_set_max_speed
 .text.SysTick_Handler
                0x00000fdc      0x1bc ./src/motor.o
                0x00000fdc                SysTick_Handler
 .text.pot_init
                0x00001198       0x24 ./src/pot.o
                0x00001198                pot_init
 .text.pot_get_speed
                0x000011bc       0x4c ./src/pot.o
                0x000011bc                pot_get_speed
 .text.SystemInit
                0x00001208       0xd8 C:\Users\danie\Documents\MCUXpressoIDE_25.6.136\lpc1769_drivers\CMSISv2p00_LPC17xx\Debug\libCMSISv2p00_LPC17xx.a(system_LPC17xx.o)
                0x00001208                SystemInit
 .text.ADC_Init
                0x000012e0       0x50 C:\Users\danie\Documents\MCUXpressoIDE_25.6.136\lpc1769_drivers\CMSISv2p00_LPC17xx\Debug\libCMSISv2p00_LPC17xx.a(lpc17xx_adc.o)
                0x000012e0                ADC_Init
 .text.ADC_PinConfig
                0x00001330       0xe8 C:\Users\danie\Documents\MCUXpressoIDE_25.6.136\lpc1769_drivers\CMSISv2p00_LPC17xx\Debug\libCMSISv2p00_LPC17xx.a(lpc17xx_adc.o)
                0x00001330                ADC_PinConfig
 .text.ADC_StartCmd
                0x00001418       0x2c C:\Users\danie\Documents\MCUXpressoIDE_25.6.136\lpc1769_drivers\CMSISv2p00_LPC17xx\Debug\libCMSISv2p00_LPC17xx.a(lpc17xx_adc.o)
                0x00001418                ADC_StartCmd
 .text.ADC_ChannelEnable
                0x00001444       0x28 C:\Users\danie\Documents\MCUXpressoIDE_25.6.136\lpc1769_drivers\CMSISv2p00_LPC17xx\Debug\libCMSISv2p00_LPC17xx.a(lpc17xx_adc.o)
                0x00001444                ADC_ChannelEnable
 .text.ADC_IntDisable
                0x0000146c       0x28 C:\Users\danie\Documents\MCUXpressoIDE_25.6.136\lpc1769_drivers\CMSISv2p00_LPC17xx\Debug\libCMSISv2p00_LPC17xx.a(lpc17xx_adc.o)
                0x0000146c                ADC_IntDisable
 .text.ADC_ChannelGetStatus
                0x00001494       0x40 C:\Users\danie\Documents\MCUXpressoIDE_25.6.136\lpc1769_drivers\CMSISv2p00_LPC17xx\Debug\libCMSISv2p00_LPC17xx.a(lpc17xx_adc.o)
                0x00001494                ADC_ChannelGetStatus
 .text.ADC_ChannelGetData
                0x000014d4       0x24 C:\Users\danie\Documents\MCUXpressoIDE_25.6.136\lpc1769_drivers\CMSISv2p00_LPC17xx\Debug\libCMSISv2p00_LPC17xx.a(lpc17xx_adc.o)
                0x000014d4                ADC_ChannelGetData
 .text.CLKPWR_SetPCLKDiv
                0x000014f8       0x4c C:\Users\danie\Documents\MCUXpressoIDE_25.6.136\lpc1769_drivers\CMSISv2p00_LPC17xx\Debug\libCMSISv2p00_LPC17xx.a(lpc17xx_clkpwr.o)
                0x000014f8                CLKPWR_SetPCLKDiv
 .text.CLKPWR_GetPCLKSEL
                0x00001544       0x20 C:\Users\danie\Documents\MCUXpressoIDE_25.6.136\lpc1769_drivers\CMSISv2p00_LPC17xx\Debug\libCMSISv2p00_LPC17xx.a(lpc17xx_clkpwr.o)
                0x00001544                CLKPWR_GetPCLKSEL
 .text.CLKPWR_GetPCLK
                0x00001564       0x24 C:\Users\danie\Documents\MCUXpressoIDE_25.6.136\lpc1769_drivers\CMSISv2p00_LPC17xx\Debug\libCMSISv2p00_LPC17xx.a(lpc17xx_clkpwr.o)
                0x00001564                CLKPWR_GetPCLK
 .text.CLKPWR_ConfigPPWR
                0x00001588       0x34 C:\Users\danie\Documents\MCUXpressoIDE_25.6.136\lpc1769_drivers\CMSISv2p00_LPC17xx\Debug\libCMSISv2p00_LPC17xx.a(lpc17xx_clkpwr.o)
                0x00001588                CLKPWR_ConfigPPWR
 .text.EXTI_Init
                0x000015bc       0x38 C:\Users\danie\Documents\MCUXpressoIDE_25.6.136\lpc1769_drivers\CMSISv2p00_LPC17xx\Debug\libCMSISv2p00_LPC17xx.a(lpc17xx_exti.o)
                0x000015bc                EXTI_Init
 .text.EXTI_PinConfig
                0x000015f4       0x68 C:\Users\danie\Documents\MCUXpressoIDE_25.6.136\lpc1769_drivers\CMSISv2p00_LPC17xx\Debug\libCMSISv2p00_LPC17xx.a(lpc17xx_exti.o)
                0x000015f4                EXTI_PinConfig
 .text.EXTI_Config
                0x0000165c       0x84 C:\Users\danie\Documents\MCUXpressoIDE_25.6.136\lpc1769_drivers\CMSISv2p00_LPC17xx\Debug\libCMSISv2p00_LPC17xx.a(lpc17xx_exti.o)
                0x0000165c                EXTI_Config
 .text.EXTI_ClearFlag
                0x000016e0       0x24 C:\Users\danie\Documents\MCUXpressoIDE_25.6.136\lpc1769_drivers\CMSISv2p00_LPC17xx\Debug\libCMSISv2p00_LPC17xx.a(lpc17xx_exti.o)
                0x000016e0                EXTI_ClearFlag
 .text.EXTI_EnableIRQ
                0x00001704       0x40 C:\Users\danie\Documents\MCUXpressoIDE_25.6.136\lpc1769_drivers\CMSISv2p00_LPC17xx\Debug\libCMSISv2p00_LPC17xx.a(lpc17xx_exti.o)
                0x00001704                EXTI_EnableIRQ
 .text.EXTI_ConfigEnable
                0x00001744       0x44 C:\Users\danie\Documents\MCUXpressoIDE_25.6.136\lpc1769_drivers\CMSISv2p00_LPC17xx\Debug\libCMSISv2p00_LPC17xx.a(lpc17xx_exti.o)
                0x00001744                EXTI_ConfigEnable
 .text.GPIO_SetDir
                0x00001788       0x3c C:\Users\danie\Documents\MCUXpressoIDE_25.6.136\lpc1769_drivers\CMSISv2p00_LPC17xx\Debug\libCMSISv2p00_LPC17xx.a(lpc17xx_gpio.o)
                0x00001788                GPIO_SetDir
 .text.GPIO_SetPins
                0x000017c4       0x24 C:\Users\danie\Documents\MCUXpressoIDE_25.6.136\lpc1769_drivers\CMSISv2p00_LPC17xx\Debug\libCMSISv2p00_LPC17xx.a(lpc17xx_gpio.o)
                0x000017c4                GPIO_SetPins
 .text.GPIO_ClearPins
                0x000017e8       0x24 C:\Users\danie\Documents\MCUXpressoIDE_25.6.136\lpc1769_drivers\CMSISv2p00_LPC17xx\Debug\libCMSISv2p00_LPC17xx.a(lpc17xx_gpio.o)
                0x000017e8                GPIO_ClearPins
 .text.GPIO_ReadValue
                0x0000180c       0x24 C:\Users\danie\Documents\MCUXpressoIDE_25.6.136\lpc1769_drivers\CMSISv2p00_LPC17xx\Debug\libCMSISv2p00_LPC17xx.a(lpc17xx_gpio.o)
                0x0000180c                GPIO_ReadValue
 .text.check_failed
                0x00001830        0x2 C:\Users\danie\Documents\MCUXpressoIDE_25.6.136\lpc1769_drivers\CMSISv2p00_LPC17xx\Debug\libCMSISv2p00_LPC17xx.a(lpc17xx_libcfg_default.o)
                0x00001830                check_failed
 *fill*         0x00001832        0x2 ff
 .text.PINSEL_ConfigPin
                0x00001834       0xc8 C:\Users\danie\Documents\MCUXpressoIDE_25.6.136\lpc1769_drivers\CMSISv2p00_LPC17xx\Debug\libCMSISv2p00_LPC17xx.a(lpc17xx_pinsel.o)
                0x00001834                PINSEL_ConfigPin
 .text.QEI_Reset
                0x000018fc       0x38 C:\Users\danie\Documents\MCUXpressoIDE_25.6.136\lpc1769_drivers\CMSISv2p00_LPC17xx\Debug\libCMSISv2p00_LPC17xx.a(lpc17xx_qei.o)
                0x000018fc                QEI_Reset
 .text.QEI_Init
                0x00001934       0x58 C:\Users\danie\Documents\MCUXpressoIDE_25.6.136\lpc1769_drivers\CMSISv2p00_LPC17xx\Debug\libCMSISv2p00_LPC17xx.a(lpc17xx_qei.o)
                0x00001934                QEI_Init
 .text.QEI_GetPosition
                0x0000198c       0x20 C:\Users\danie\Documents\MCUXpressoIDE_25.6.136\lpc1769_drivers\CMSISv2p00_LPC17xx\Debug\libCMSISv2p00_LPC17xx.a(lpc17xx_qei.o)
                0x0000198c                QEI_GetPosition
 .text.QEI_SetMaxPosition
                0x000019ac       0x20 C:\Users\danie\Documents\MCUXpressoIDE_25.6.136\lpc1769_drivers\CMSISv2p00_LPC17xx\Debug\libCMSISv2p00_LPC17xx.a(lpc17xx_qei.o)
                0x000019ac                QEI_SetMaxPosition
 .text.QEI_SetTimerReload
                0x000019cc       0x5c C:\Users\danie\Documents\MCUXpressoIDE_25.6.136\lpc1769_drivers\CMSISv2p00_LPC17xx\Debug\libCMSISv2p00_LPC17xx.a(lpc17xx_qei.o)
                0x000019cc                QEI_SetTimerReload
 .text.UART_PinConfig
                0x00001a28       0x28 C:\Users\danie\Documents\MCUXpressoIDE_25.6.136\lpc1769_drivers\CMSISv2p00_LPC17xx\Debug\libCMSISv2p00_LPC17xx.a(lpc17xx_uart.o)
                0x00001a28                UART_PinConfig
 .text.UART_Init
                0x00001a50      0x22c C:\Users\danie\Documents\MCUXpressoIDE_25.6.136\lpc1769_drivers\CMSISv2p00_LPC17xx\Debug\libCMSISv2p00_LPC17xx.a(lpc17xx_uart.o)
                0x00001a50                UART_Init
 .text.UART_FIFOConfig
                0x00001c7c       0x7c C:\Users\danie\Documents\MCUXpressoIDE_25.6.136\lpc1769_drivers\CMSISv2p00_LPC17xx\Debug\libCMSISv2p00_LPC17xx.a(lpc17xx_uart.o)
                0x00001c7c                UART_FIFOConfig
 .text.UART_SendByte
                0x00001cf8       0x3c C:\Users\danie\Documents\MCUXpressoIDE_25.6.136\lpc1769_drivers\CMSISv2p00_LPC17xx\Debug\libCMSISv2p00_LPC17xx.a(lpc17xx_uart.o)
                0x00001cf8                UART_SendByte
 .text.UART_ReceiveByte
                0x00001d34       0x38 C:\Users\danie\Documents\MCUXpressoIDE_25.6.136\lpc1769_drivers\CMSISv2p00_LPC17xx\Debug\libCMSISv2p00_LPC17xx.a(lpc17xx_uart.o)
                0x00001d34                UART_ReceiveByte
 .text.UART_Send
                0x00001d6c       0x4e C:\Users\danie\Documents\MCUXpressoIDE_25.6.136\lpc1769_drivers\CMSISv2p00_LPC17xx\Debug\libCMSISv2p00_LPC17xx.a(lpc17xx_uart.o)
                0x00001d6c                UART_Send
 .text.UART_Receive
                0x00001dba       0x3e C:\Users\danie\Documents\MCUXpressoIDE_25.6.136\lpc1769_drivers\CMSISv2p00_LPC17xx\Debug\libCMSISv2p00_LPC17xx.a(lpc17xx_uart.o)
                0x00001dba                UART_Receive
 .text.UART_GetIntId
                0x00001df8       0x40 C:\Users\danie\Documents\MCUXpressoIDE_25.6.136\lpc1769_drivers\CMSISv2p00_LPC17xx\Debug\libCMSISv2p00_LPC17xx.a(lpc17xx_uart.o)
                0x00001df8                UART_GetIntId
 .text.UART_GetLineStatus
                0x00001e38       0x38 C:\Users\danie\Documents\MCUXpressoIDE_25.6.136\lpc1769_drivers\CMSISv2p00_LPC17xx\Debug\libCMSISv2p00_LPC17xx.a(lpc17xx_uart.o)
                0x00001e38                UART_GetLineStatus
 .text.UART_IntConfig
                0x00001e70       0x94 C:\Users\danie\Documents\MCUXpressoIDE_25.6.136\lpc1769_drivers\CMSISv2p00_LPC17xx\Debug\libCMSISv2p00_LPC17xx.a(lpc17xx_uart.o)
                0x00001e70                UART_IntConfig
 .text.UART_TxEnable
                0x00001f04       0x44 C:\Users\danie\Documents\MCUXpressoIDE_25.6.136\lpc1769_drivers\CMSISv2p00_LPC17xx\Debug\libCMSISv2p00_LPC17xx.a(lpc17xx_uart.o)
                0x00001f04                UART_TxEnable
 .text.__weak_main
                0x00001f48        0x4 C:/nxp/MCUXpressoIDE_25.6.136/ide/plugins/com.nxp.mcuxpresso.tools.win32_25.6.0.202501151204/tools/bin/../lib/gcc/arm-none-eabi/14.2.1/../../../../arm-none-eabi/lib/thumb/v7-m/nofp\libcr_c.a(__weak__main.o)
                0x00001f48                __weak_main
                0x00001f48                __main
 .text.strlen   0x00001f4c       0x4e C:/nxp/MCUXpressoIDE_25.6.136/ide/plugins/com.nxp.mcuxpresso.tools.win32_25.6.0.202501151204/tools/bin/../lib/gcc/arm-none-eabi/14.2.1/../../../../arm-none-eabi/lib/thumb/v7-m/nofp\libcr_c.a(strlen.o)
                0x00001f4c                strlen
 .text.__aeabi_division_uldivmod
                0x00001f9a      0x174 C:/nxp/MCUXpressoIDE_25.6.136/ide/plugins/com.nxp.mcuxpresso.tools.win32_25.6.0.202501151204/tools/bin/../lib/gcc/arm-none-eabi/14.2.1/thumb/v7-m/nofp\libcr_eabihelpers.a(division_64.o)
                0x00001f9a                __aeabi_uldivmod
                0x00001f9e                __bhs_ldivmod1
 .text.__aeabi_division_idiv0
                0x0000210e        0x2 C:/nxp/MCUXpressoIDE_25.6.136/ide/plugins/com.nxp.mcuxpresso.tools.win32_25.6.0.202501151204/tools/bin/../lib/gcc/arm-none-eabi/14.2.1/thumb/v7-m/nofp\libcr_eabihelpers.a(division_idiv0.o)
                0x0000210e                __aeabi_idiv0
 *(.rodata .rodata.* .constdata .constdata.*)
 .rodata.comms_task.str1.4
                0x00002110       0x4f ./src/comms.o
 *fill*         0x0000215f        0x1 ff
 .rodata.tabla_velocidades
                0x00002160       0x10 ./src/pot.o
 .rodata.ADC_Init.str1.1
                0x00002170       0x5a C:\Users\danie\Documents\MCUXpressoIDE_25.6.136\lpc1769_drivers\CMSISv2p00_LPC17xx\Debug\libCMSISv2p00_LPC17xx.a(lpc17xx_adc.o)
                                  0xe (size before relaxing)
 .rodata.CSWTCH.5
                0x000021ca        0x3 C:\Users\danie\Documents\MCUXpressoIDE_25.6.136\lpc1769_drivers\CMSISv2p00_LPC17xx\Debug\libCMSISv2p00_LPC17xx.a(lpc17xx_clkpwr.o)
 .rodata.EXTI_PinConfig.str1.1
                0x000021cd        0xf C:\Users\danie\Documents\MCUXpressoIDE_25.6.136\lpc1769_drivers\CMSISv2p00_LPC17xx\Debug\libCMSISv2p00_LPC17xx.a(lpc17xx_exti.o)
 .rodata.GPIO_SetDir.str1.1
                0x000021cd        0xf C:\Users\danie\Documents\MCUXpressoIDE_25.6.136\lpc1769_drivers\CMSISv2p00_LPC17xx\Debug\libCMSISv2p00_LPC17xx.a(lpc17xx_gpio.o)
 .rodata.PINSEL_ConfigPin.str1.1
                0x000021cd       0x11 C:\Users\danie\Documents\MCUXpressoIDE_25.6.136\lpc1769_drivers\CMSISv2p00_LPC17xx\Debug\libCMSISv2p00_LPC17xx.a(lpc17xx_pinsel.o)
 .rodata.QEI_Reset.str1.1
                0x000021cd        0xe C:\Users\danie\Documents\MCUXpressoIDE_25.6.136\lpc1769_drivers\CMSISv2p00_LPC17xx\Debug\libCMSISv2p00_LPC17xx.a(lpc17xx_qei.o)
 .rodata.UART_PinConfig.str1.1
                0x000021cd        0xf C:\Users\danie\Documents\MCUXpressoIDE_25.6.136\lpc1769_drivers\CMSISv2p00_LPC17xx\Debug\libCMSISv2p00_LPC17xx.a(lpc17xx_uart.o)
 *fill*         0x000021cd        0x1 ff
 .rodata.CSWTCH.33
                0x000021ce        0xe C:\Users\danie\Documents\MCUXpressoIDE_25.6.136\lpc1769_drivers\CMSISv2p00_LPC17xx\Debug\libCMSISv2p00_LPC17xx.a(lpc17xx_uart.o)
 .rodata.PinCfg.0
                0x000021dc       0x50 C:\Users\danie\Documents\MCUXpressoIDE_25.6.136\lpc1769_drivers\CMSISv2p00_LPC17xx\Debug\libCMSISv2p00_LPC17xx.a(lpc17xx_uart.o)
                0x0000222c                        . = ALIGN (0x4)

.glue_7         0x0000222c        0x0
 .glue_7        0x0000222c        0x0 linker stubs

.glue_7t        0x0000222c        0x0
 .glue_7t       0x0000222c        0x0 linker stubs

.vfp11_veneer   0x0000222c        0x0
 .vfp11_veneer  0x0000222c        0x0 linker stubs

.v4_bx          0x0000222c        0x0
 .v4_bx         0x0000222c        0x0 linker stubs

.iplt           0x0000222c        0x0
 .iplt          0x0000222c        0x0 ./src/comms.o

.rel.dyn        0x0000222c        0x0
 .rel.iplt      0x0000222c        0x0 ./src/comms.o

.ARM.extab
 *(.ARM.extab* .gnu.linkonce.armextab.*)

.ARM.exidx      0x0000222c        0x0
                0x0000222c                        __exidx_start = .
 *(.ARM.exidx* .gnu.linkonce.armexidx.*)
                0x0000222c                        __exidx_end = .
                0x0000222c                        _etext = .

.data_RAM2      0x2007c000        0x0 load address 0x0000222c
 FILL mask 0xff
                [!provide]                        PROVIDE (__start_data_RAM2 = .)
                [!provide]                        PROVIDE (__start_data_RamAHB32 = .)
 *(.ramfunc.$RAM2)
 *(.ramfunc.$RamAHB32)
 *(.data.$RAM2)
 *(.data.$RamAHB32)
 *(.data.$RAM2.*)
 *(.data.$RamAHB32.*)
                0x2007c000                        . = ALIGN (0x4)
                [!provide]                        PROVIDE (__end_data_RAM2 = .)
                [!provide]                        PROVIDE (__end_data_RamAHB32 = .)

.uninit_RESERVED
                0x10000000        0x0
                0x10000000                        _start_uninit_RESERVED = .
 *(.bss.$RESERVED*)
                0x10000000                        . = ALIGN (0x4)
                0x10000000                        _end_uninit_RESERVED = .

.data           0x10000000        0xc load address 0x0000222c
 FILL mask 0xff
                0x10000000                        _data = .
                [!provide]                        PROVIDE (__start_data_RAM = .)
                [!provide]                        PROVIDE (__start_data_RamLoc32 = .)
 *(vtable)
 *(.ramfunc*)
 *(CodeQuickAccess)
 *(DataQuickAccess)
 *(RamFunction)
 *(.data*)
 .data.vmax     0x10000000        0x4 ./src/motor.o
 .data.moveDir  0x10000004        0x1 ./src/motor.o
 *fill*         0x10000005        0x3 ff
 .data.SystemCoreClock
                0x10000008        0x4 C:\Users\danie\Documents\MCUXpressoIDE_25.6.136\lpc1769_drivers\CMSISv2p00_LPC17xx\Debug\libCMSISv2p00_LPC17xx.a(system_LPC17xx.o)
                0x10000008                SystemCoreClock
                0x1000000c                        . = ALIGN (0x4)
                0x1000000c                        _edata = .
                [!provide]                        PROVIDE (__end_data_RAM = .)
                [!provide]                        PROVIDE (__end_data_RamLoc32 = .)

.igot.plt       0x1000000c        0x0 load address 0x00002238
 .igot.plt      0x1000000c        0x0 ./src/comms.o

.bss_RAM2       0x2007c000        0x0
                [!provide]                        PROVIDE (__start_bss_RAM2 = .)
                [!provide]                        PROVIDE (__start_bss_RamAHB32 = .)
 *(.bss.$RAM2)
 *(.bss.$RamAHB32)
 *(.bss.$RAM2.*)
 *(.bss.$RamAHB32.*)
                0x2007c000                        . = ALIGN ((. != 0x0)?0x4:0x1)
                [!provide]                        PROVIDE (__end_bss_RAM2 = .)
                [!provide]                        PROVIDE (__end_bss_RamAHB32 = .)

.bss            0x1000000c       0x6c
                0x1000000c                        _bss = .
                [!provide]                        PROVIDE (__start_bss_RAM = .)
                [!provide]                        PROVIDE (__start_bss_RamLoc32 = .)
 *(.bss*)
 .bss.line      0x1000000c       0x20 ./src/comms.o
 .bss.idx       0x1000002c        0x1 ./src/comms.o
 .bss.lineReady
                0x1000002d        0x1 ./src/comms.o
 *fill*         0x1000002e        0x2 
 .bss.dbg_pconp_qei
                0x10000030        0x4 ./src/encoder.o
 .bss.dbg_pinsel3
                0x10000034        0x4 ./src/encoder.o
 .bss.dbg_pin_pha
                0x10000038        0x4 ./src/encoder.o
 .bss.dbg_pin_phb
                0x1000003c        0x4 ./src/encoder.o
 .bss.dbg_pin_idx
                0x10000040        0x4 ./src/encoder.o
 .bss.dbg_qeiconf
                0x10000044        0x4 ./src/encoder.o
 .bss.dbg_qeimaxpos
                0x10000048        0x4 ./src/encoder.o
 .bss.dbg_qeipos
                0x1000004c        0x4 ./src/encoder.o
 .bss.dbg_pha_level
                0x10000050        0x4 ./src/encoder.o
 .bss.dbg_phb_level
                0x10000054        0x4 ./src/encoder.o
 .bss.stepsToGo
                0x10000058        0x4 ./src/motor.o
 .bss.stepsDone
                0x1000005c        0x4 ./src/motor.o
 .bss.accelSteps
                0x10000060        0x4 ./src/motor.o
 .bss.position  0x10000064        0x4 ./src/motor.o
 .bss.vel_fp    0x10000068        0x4 ./src/motor.o
 .bss.interval  0x1000006c        0x4 ./src/motor.o
 .bss.tickCnt   0x10000070        0x4 ./src/motor.o
 .bss.pulseHigh
                0x10000074        0x1 ./src/motor.o
 .bss.decel     0x10000075        0x1 ./src/motor.o
 .bss.jogMode   0x10000076        0x1 ./src/motor.o
 *(COMMON)
                0x10000078                        . = ALIGN (0x4)
 *fill*         0x10000077        0x1 
                0x10000078                        _ebss = .
                [!provide]                        PROVIDE (__end_bss_RAM = .)
                [!provide]                        PROVIDE (__end_bss_RamLoc32 = .)
                [!provide]                        PROVIDE (end = .)

.noinit_RAM2    0x2007c000        0x0
                [!provide]                        PROVIDE (__start_noinit_RAM2 = .)
                [!provide]                        PROVIDE (__start_noinit_RamAHB32 = .)
 *(.noinit.$RAM2)
 *(.noinit.$RamAHB32)
 *(.noinit.$RAM2.*)
 *(.noinit.$RamAHB32.*)
                0x2007c000                        . = ALIGN (0x4)
                [!provide]                        PROVIDE (__end_noinit_RAM2 = .)
                [!provide]                        PROVIDE (__end_noinit_RamAHB32 = .)

.noinit         0x10000078        0x0
                0x10000078                        _noinit = .
                [!provide]                        PROVIDE (__start_noinit_RAM = .)
                [!provide]                        PROVIDE (__start_noinit_RamLoc32 = .)
 *(.noinit*)
                0x10000078                        . = ALIGN (0x4)
                0x10000078                        _end_noinit = .
                [!provide]                        PROVIDE (__end_noinit_RAM = .)
                [!provide]                        PROVIDE (__end_noinit_RamLoc32 = .)
                [!provide]                        PROVIDE (_pvHeapStart = DEFINED (__user_heap_base)?__user_heap_base:.)
                0x10008000                        PROVIDE (_vStackTop = DEFINED (__user_stack_top)?__user_stack_top:(__top_RamLoc32 - 0x0))
                0xefff749e                        PROVIDE (__valid_user_code_checksum = (0x0 - ((((((_vStackTop + (ResetISR + 0x1)) + (NMI_Handler + 0x1)) + (HardFault_Handler + 0x1)) + (DEFINED (MemManage_Handler)?MemManage_Handler:0x0 + 0x1)) + (DEFINED (BusFault_Handler)?BusFault_Handler:0x0 + 0x1)) + (DEFINED (UsageFault_Handler)?UsageFault_Handler:0x0 + 0x1))))
                0x00000000                        _image_start = LOADADDR (.text)
                0x00002238                        _image_end = (LOADADDR (.data) + SIZEOF (.data))
                0x00002238                        _image_size = (_image_end - _image_start)
OUTPUT(tp-final.axf elf32-littlearm)
LOAD linker stubs

.debug_info     0x00000000     0xab5a
 .debug_info    0x00000000      0xe31 ./src/comms.o
 .debug_info    0x00000e31      0x2a5 ./src/cr_startup_lpc175x_6x.o
 .debug_info    0x000010d6       0x40 ./src/crp.o
 .debug_info    0x00001116      0xe0d ./src/encoder.o
 .debug_info    0x00001f23      0x10f ./src/homing.o
 .debug_info    0x00002032      0x6b5 ./src/limit_switches.o
 .debug_info    0x000026e7      0x100 ./src/main.o
 .debug_info    0x000027e7      0xac6 ./src/motor.o
 .debug_info    0x000032ad      0x2cb ./src/pot.o
 .debug_info    0x00003578      0x347 C:\Users\danie\Documents\MCUXpressoIDE_25.6.136\lpc1769_drivers\CMSISv2p00_LPC17xx\Debug\libCMSISv2p00_LPC17xx.a(system_LPC17xx.o)
 .debug_info    0x000038bf      0x930 C:\Users\danie\Documents\MCUXpressoIDE_25.6.136\lpc1769_drivers\CMSISv2p00_LPC17xx\Debug\libCMSISv2p00_LPC17xx.a(lpc17xx_adc.o)
 .debug_info    0x000041ef      0x6ca C:\Users\danie\Documents\MCUXpressoIDE_25.6.136\lpc1769_drivers\CMSISv2p00_LPC17xx\Debug\libCMSISv2p00_LPC17xx.a(lpc17xx_clkpwr.o)
 .debug_info    0x000048b9      0xcc9 C:\Users\danie\Documents\MCUXpressoIDE_25.6.136\lpc1769_drivers\CMSISv2p00_LPC17xx\Debug\libCMSISv2p00_LPC17xx.a(lpc17xx_exti.o)
 .debug_info    0x00005582     0x2268 C:\Users\danie\Documents\MCUXpressoIDE_25.6.136\lpc1769_drivers\CMSISv2p00_LPC17xx\Debug\libCMSISv2p00_LPC17xx.a(lpc17xx_gpio.o)
 .debug_info    0x000077ea       0xd4 C:\Users\danie\Documents\MCUXpressoIDE_25.6.136\lpc1769_drivers\CMSISv2p00_LPC17xx\Debug\libCMSISv2p00_LPC17xx.a(lpc17xx_libcfg_default.o)
 .debug_info    0x000078be      0x8ab C:\Users\danie\Documents\MCUXpressoIDE_25.6.136\lpc1769_drivers\CMSISv2p00_LPC17xx\Debug\libCMSISv2p00_LPC17xx.a(lpc17xx_pinsel.o)
 .debug_info    0x00008169      0xcaf C:\Users\danie\Documents\MCUXpressoIDE_25.6.136\lpc1769_drivers\CMSISv2p00_LPC17xx\Debug\libCMSISv2p00_LPC17xx.a(lpc17xx_qei.o)
 .debug_info    0x00008e18     0x1c17 C:\Users\danie\Documents\MCUXpressoIDE_25.6.136\lpc1769_drivers\CMSISv2p00_LPC17xx\Debug\libCMSISv2p00_LPC17xx.a(lpc17xx_uart.o)
 .debug_info    0x0000aa2f       0x4a C:/nxp/MCUXpressoIDE_25.6.136/ide/plugins/com.nxp.mcuxpresso.tools.win32_25.6.0.202501151204/tools/bin/../lib/gcc/arm-none-eabi/14.2.1/../../../../arm-none-eabi/lib/thumb/v7-m/nofp\libcr_c.a(__weak__main.o)
 .debug_info    0x0000aa79       0xe1 C:/nxp/MCUXpressoIDE_25.6.136/ide/plugins/com.nxp.mcuxpresso.tools.win32_25.6.0.202501151204/tools/bin/../lib/gcc/arm-none-eabi/14.2.1/../../../../arm-none-eabi/lib/thumb/v7-m/nofp\libcr_c.a(strlen.o)

.debug_abbrev   0x00000000     0x21dc
 .debug_abbrev  0x00000000      0x2ca ./src/comms.o
 .debug_abbrev  0x000002ca      0x14d ./src/cr_startup_lpc175x_6x.o
 .debug_abbrev  0x00000417       0x38 ./src/crp.o
 .debug_abbrev  0x0000044f      0x26b ./src/encoder.o
 .debug_abbrev  0x000006ba       0xb3 ./src/homing.o
 .debug_abbrev  0x0000076d      0x224 ./src/limit_switches.o
 .debug_abbrev  0x00000991       0x9c ./src/main.o
 .debug_abbrev  0x00000a2d      0x2d9 ./src/motor.o
 .debug_abbrev  0x00000d06      0x10b ./src/pot.o
 .debug_abbrev  0x00000e11      0x10e C:\Users\danie\Documents\MCUXpressoIDE_25.6.136\lpc1769_drivers\CMSISv2p00_LPC17xx\Debug\libCMSISv2p00_LPC17xx.a(system_LPC17xx.o)
 .debug_abbrev  0x00000f1f      0x205 C:\Users\danie\Documents\MCUXpressoIDE_25.6.136\lpc1769_drivers\CMSISv2p00_LPC17xx\Debug\libCMSISv2p00_LPC17xx.a(lpc17xx_adc.o)
 .debug_abbrev  0x00001124      0x202 C:\Users\danie\Documents\MCUXpressoIDE_25.6.136\lpc1769_drivers\CMSISv2p00_LPC17xx\Debug\libCMSISv2p00_LPC17xx.a(lpc17xx_clkpwr.o)
 .debug_abbrev  0x00001326      0x257 C:\Users\danie\Documents\MCUXpressoIDE_25.6.136\lpc1769_drivers\CMSISv2p00_LPC17xx\Debug\libCMSISv2p00_LPC17xx.a(lpc17xx_exti.o)
 .debug_abbrev  0x0000157d      0x300 C:\Users\danie\Documents\MCUXpressoIDE_25.6.136\lpc1769_drivers\CMSISv2p00_LPC17xx\Debug\libCMSISv2p00_LPC17xx.a(lpc17xx_gpio.o)
 .debug_abbrev  0x0000187d       0x75 C:\Users\danie\Documents\MCUXpressoIDE_25.6.136\lpc1769_drivers\CMSISv2p00_LPC17xx\Debug\libCMSISv2p00_LPC17xx.a(lpc17xx_libcfg_default.o)
 .debug_abbrev  0x000018f2      0x20b C:\Users\danie\Documents\MCUXpressoIDE_25.6.136\lpc1769_drivers\CMSISv2p00_LPC17xx\Debug\libCMSISv2p00_LPC17xx.a(lpc17xx_pinsel.o)
 .debug_abbrev  0x00001afd      0x29c C:\Users\danie\Documents\MCUXpressoIDE_25.6.136\lpc1769_drivers\CMSISv2p00_LPC17xx\Debug\libCMSISv2p00_LPC17xx.a(lpc17xx_qei.o)
 .debug_abbrev  0x00001d99      0x34d C:\Users\danie\Documents\MCUXpressoIDE_25.6.136\lpc1769_drivers\CMSISv2p00_LPC17xx\Debug\libCMSISv2p00_LPC17xx.a(lpc17xx_uart.o)
 .debug_abbrev  0x000020e6       0x4f C:/nxp/MCUXpressoIDE_25.6.136/ide/plugins/com.nxp.mcuxpresso.tools.win32_25.6.0.202501151204/tools/bin/../lib/gcc/arm-none-eabi/14.2.1/../../../../arm-none-eabi/lib/thumb/v7-m/nofp\libcr_c.a(__weak__main.o)
 .debug_abbrev  0x00002135       0xa7 C:/nxp/MCUXpressoIDE_25.6.136/ide/plugins/com.nxp.mcuxpresso.tools.win32_25.6.0.202501151204/tools/bin/../lib/gcc/arm-none-eabi/14.2.1/../../../../arm-none-eabi/lib/thumb/v7-m/nofp\libcr_c.a(strlen.o)

.debug_aranges  0x00000000      0x7a8
 .debug_aranges
                0x00000000       0x58 ./src/comms.o
 .debug_aranges
                0x00000058       0x80 ./src/cr_startup_lpc175x_6x.o
 .debug_aranges
                0x000000d8       0x18 ./src/crp.o
 .debug_aranges
                0x000000f0       0x40 ./src/encoder.o
 .debug_aranges
                0x00000130       0x20 ./src/homing.o
 .debug_aranges
                0x00000150       0x40 ./src/limit_switches.o
 .debug_aranges
                0x00000190       0x20 ./src/main.o
 .debug_aranges
                0x000001b0       0xa0 ./src/motor.o
 .debug_aranges
                0x00000250       0x28 ./src/pot.o
 .debug_aranges
                0x00000278       0x28 C:\Users\danie\Documents\MCUXpressoIDE_25.6.136\lpc1769_drivers\CMSISv2p00_LPC17xx\Debug\libCMSISv2p00_LPC17xx.a(system_LPC17xx.o)
 .debug_aranges
                0x000002a0       0xa0 C:\Users\danie\Documents\MCUXpressoIDE_25.6.136\lpc1769_drivers\CMSISv2p00_LPC17xx\Debug\libCMSISv2p00_LPC17xx.a(lpc17xx_adc.o)
 .debug_aranges
                0x00000340       0x58 C:\Users\danie\Documents\MCUXpressoIDE_25.6.136\lpc1769_drivers\CMSISv2p00_LPC17xx\Debug\libCMSISv2p00_LPC17xx.a(lpc17xx_clkpwr.o)
 .debug_aranges
                0x00000398       0x50 C:\Users\danie\Documents\MCUXpressoIDE_25.6.136\lpc1769_drivers\CMSISv2p00_LPC17xx\Debug\libCMSISv2p00_LPC17xx.a(lpc17xx_exti.o)
 .debug_aranges
                0x000003e8      0x158 C:\Users\danie\Documents\MCUXpressoIDE_25.6.136\lpc1769_drivers\CMSISv2p00_LPC17xx\Debug\libCMSISv2p00_LPC17xx.a(lpc17xx_gpio.o)
 .debug_aranges
                0x00000540       0x20 C:\Users\danie\Documents\MCUXpressoIDE_25.6.136\lpc1769_drivers\CMSISv2p00_LPC17xx\Debug\libCMSISv2p00_LPC17xx.a(lpc17xx_libcfg_default.o)
 .debug_aranges
                0x00000560       0x38 C:\Users\danie\Documents\MCUXpressoIDE_25.6.136\lpc1769_drivers\CMSISv2p00_LPC17xx\Debug\libCMSISv2p00_LPC17xx.a(lpc17xx_pinsel.o)
 .debug_aranges
                0x00000598       0xc0 C:\Users\danie\Documents\MCUXpressoIDE_25.6.136\lpc1769_drivers\CMSISv2p00_LPC17xx\Debug\libCMSISv2p00_LPC17xx.a(lpc17xx_qei.o)
 .debug_aranges
                0x00000658      0x110 C:\Users\danie\Documents\MCUXpressoIDE_25.6.136\lpc1769_drivers\CMSISv2p00_LPC17xx\Debug\libCMSISv2p00_LPC17xx.a(lpc17xx_uart.o)
 .debug_aranges
                0x00000768       0x20 C:/nxp/MCUXpressoIDE_25.6.136/ide/plugins/com.nxp.mcuxpresso.tools.win32_25.6.0.202501151204/tools/bin/../lib/gcc/arm-none-eabi/14.2.1/../../../../arm-none-eabi/lib/thumb/v7-m/nofp\libcr_c.a(__weak__main.o)
 .debug_aranges
                0x00000788       0x20 C:/nxp/MCUXpressoIDE_25.6.136/ide/plugins/com.nxp.mcuxpresso.tools.win32_25.6.0.202501151204/tools/bin/../lib/gcc/arm-none-eabi/14.2.1/../../../../arm-none-eabi/lib/thumb/v7-m/nofp\libcr_c.a(strlen.o)

.debug_ranges   0x00000000      0x7d0
 .debug_ranges  0x00000000       0x48 ./src/comms.o
 .debug_ranges  0x00000048       0x70 ./src/cr_startup_lpc175x_6x.o
 .debug_ranges  0x000000b8       0x30 ./src/encoder.o
 .debug_ranges  0x000000e8       0x10 ./src/homing.o
 .debug_ranges  0x000000f8       0x30 ./src/limit_switches.o
 .debug_ranges  0x00000128       0x10 ./src/main.o
 .debug_ranges  0x00000138       0x90 ./src/motor.o
 .debug_ranges  0x000001c8       0x18 ./src/pot.o
 .debug_ranges  0x000001e0       0x18 C:\Users\danie\Documents\MCUXpressoIDE_25.6.136\lpc1769_drivers\CMSISv2p00_LPC17xx\Debug\libCMSISv2p00_LPC17xx.a(system_LPC17xx.o)
 .debug_ranges  0x000001f8       0x90 C:\Users\danie\Documents\MCUXpressoIDE_25.6.136\lpc1769_drivers\CMSISv2p00_LPC17xx\Debug\libCMSISv2p00_LPC17xx.a(lpc17xx_adc.o)
 .debug_ranges  0x00000288       0x48 C:\Users\danie\Documents\MCUXpressoIDE_25.6.136\lpc1769_drivers\CMSISv2p00_LPC17xx\Debug\libCMSISv2p00_LPC17xx.a(lpc17xx_clkpwr.o)
 .debug_ranges  0x000002d0       0x70 C:\Users\danie\Documents\MCUXpressoIDE_25.6.136\lpc1769_drivers\CMSISv2p00_LPC17xx\Debug\libCMSISv2p00_LPC17xx.a(lpc17xx_exti.o)
 .debug_ranges  0x00000340      0x1f0 C:\Users\danie\Documents\MCUXpressoIDE_25.6.136\lpc1769_drivers\CMSISv2p00_LPC17xx\Debug\libCMSISv2p00_LPC17xx.a(lpc17xx_gpio.o)
 .debug_ranges  0x00000530       0x10 C:\Users\danie\Documents\MCUXpressoIDE_25.6.136\lpc1769_drivers\CMSISv2p00_LPC17xx\Debug\libCMSISv2p00_LPC17xx.a(lpc17xx_libcfg_default.o)
 .debug_ranges  0x00000540       0x78 C:\Users\danie\Documents\MCUXpressoIDE_25.6.136\lpc1769_drivers\CMSISv2p00_LPC17xx\Debug\libCMSISv2p00_LPC17xx.a(lpc17xx_pinsel.o)
 .debug_ranges  0x000005b8       0xb0 C:\Users\danie\Documents\MCUXpressoIDE_25.6.136\lpc1769_drivers\CMSISv2p00_LPC17xx\Debug\libCMSISv2p00_LPC17xx.a(lpc17xx_qei.o)
 .debug_ranges  0x00000668      0x148 C:\Users\danie\Documents\MCUXpressoIDE_25.6.136\lpc1769_drivers\CMSISv2p00_LPC17xx\Debug\libCMSISv2p00_LPC17xx.a(lpc17xx_uart.o)
 .debug_ranges  0x000007b0       0x10 C:/nxp/MCUXpressoIDE_25.6.136/ide/plugins/com.nxp.mcuxpresso.tools.win32_25.6.0.202501151204/tools/bin/../lib/gcc/arm-none-eabi/14.2.1/../../../../arm-none-eabi/lib/thumb/v7-m/nofp\libcr_c.a(__weak__main.o)
 .debug_ranges  0x000007c0       0x10 C:/nxp/MCUXpressoIDE_25.6.136/ide/plugins/com.nxp.mcuxpresso.tools.win32_25.6.0.202501151204/tools/bin/../lib/gcc/arm-none-eabi/14.2.1/../../../../arm-none-eabi/lib/thumb/v7-m/nofp\libcr_c.a(strlen.o)

.debug_macro    0x00000000     0x482c
 .debug_macro   0x00000000       0xda ./src/comms.o
 .debug_macro   0x000000da      0xade ./src/comms.o
 .debug_macro   0x00000bb8       0x10 ./src/comms.o
 .debug_macro   0x00000bc8      0x12e ./src/comms.o
 .debug_macro   0x00000cf6      0x5b3 ./src/comms.o
 .debug_macro   0x000012a9       0x1c ./src/comms.o
 .debug_macro   0x000012c5       0x1c ./src/comms.o
 .debug_macro   0x000012e1       0x2e ./src/comms.o
 .debug_macro   0x0000130f       0x18 ./src/comms.o
 .debug_macro   0x00001327      0x7af ./src/comms.o
 .debug_macro   0x00001ad6      0x2c7 ./src/comms.o
 .debug_macro   0x00001d9d       0x63 ./src/comms.o
 .debug_macro   0x00001e00      0x36b ./src/comms.o
 .debug_macro   0x0000216b       0x1d ./src/cr_startup_lpc175x_6x.o
 .debug_macro   0x00002188       0x1a ./src/crp.o
 .debug_macro   0x000021a2       0x34 ./src/crp.o
 .debug_macro   0x000021d6       0xbf ./src/encoder.o
 .debug_macro   0x00002295       0x16 ./src/encoder.o
 .debug_macro   0x000022ab       0x4c ./src/encoder.o
 .debug_macro   0x000022f7      0x3a0 ./src/encoder.o
 .debug_macro   0x00002697       0x68 ./src/homing.o
 .debug_macro   0x000026ff       0x22 ./src/homing.o
 .debug_macro   0x00002721       0x16 ./src/homing.o
 .debug_macro   0x00002737       0xbd ./src/limit_switches.o
 .debug_macro   0x000027f4       0x10 ./src/limit_switches.o
 .debug_macro   0x00002804       0x28 ./src/limit_switches.o
 .debug_macro   0x0000282c       0x64 ./src/limit_switches.o
 .debug_macro   0x00002890       0x7c ./src/main.o
 .debug_macro   0x0000290c      0x124 ./src/motor.o
 .debug_macro   0x00002a30       0x1c ./src/motor.o
 .debug_macro   0x00002a4c      0x2c7 ./src/motor.o
 .debug_macro   0x00002d13       0x2e ./src/motor.o
 .debug_macro   0x00002d41       0x9d ./src/pot.o
 .debug_macro   0x00002dde       0xe1 ./src/pot.o
 .debug_macro   0x00002ebf      0x12b C:\Users\danie\Documents\MCUXpressoIDE_25.6.136\lpc1769_drivers\CMSISv2p00_LPC17xx\Debug\libCMSISv2p00_LPC17xx.a(system_LPC17xx.o)
 .debug_macro   0x00002fea      0xad8 C:\Users\danie\Documents\MCUXpressoIDE_25.6.136\lpc1769_drivers\CMSISv2p00_LPC17xx\Debug\libCMSISv2p00_LPC17xx.a(system_LPC17xx.o)
 .debug_macro   0x00003ac2       0xa9 C:\Users\danie\Documents\MCUXpressoIDE_25.6.136\lpc1769_drivers\CMSISv2p00_LPC17xx\Debug\libCMSISv2p00_LPC17xx.a(lpc17xx_adc.o)
 .debug_macro   0x00003b6b      0x2f1 C:\Users\danie\Documents\MCUXpressoIDE_25.6.136\lpc1769_drivers\CMSISv2p00_LPC17xx\Debug\libCMSISv2p00_LPC17xx.a(lpc17xx_adc.o)
 .debug_macro   0x00003e5c       0xdd C:\Users\danie\Documents\MCUXpressoIDE_25.6.136\lpc1769_drivers\CMSISv2p00_LPC17xx\Debug\libCMSISv2p00_LPC17xx.a(lpc17xx_adc.o)
 .debug_macro   0x00003f39       0x8d C:\Users\danie\Documents\MCUXpressoIDE_25.6.136\lpc1769_drivers\CMSISv2p00_LPC17xx\Debug\libCMSISv2p00_LPC17xx.a(lpc17xx_clkpwr.o)
 .debug_macro   0x00003fc6       0x96 C:\Users\danie\Documents\MCUXpressoIDE_25.6.136\lpc1769_drivers\CMSISv2p00_LPC17xx\Debug\libCMSISv2p00_LPC17xx.a(lpc17xx_exti.o)
 .debug_macro   0x0000405c       0x9f C:\Users\danie\Documents\MCUXpressoIDE_25.6.136\lpc1769_drivers\CMSISv2p00_LPC17xx\Debug\libCMSISv2p00_LPC17xx.a(lpc17xx_gpio.o)
 .debug_macro   0x000040fb       0x5a C:\Users\danie\Documents\MCUXpressoIDE_25.6.136\lpc1769_drivers\CMSISv2p00_LPC17xx\Debug\libCMSISv2p00_LPC17xx.a(lpc17xx_libcfg_default.o)
 .debug_macro   0x00004155       0x5d C:\Users\danie\Documents\MCUXpressoIDE_25.6.136\lpc1769_drivers\CMSISv2p00_LPC17xx\Debug\libCMSISv2p00_LPC17xx.a(lpc17xx_libcfg_default.o)
 .debug_macro   0x000041b2       0xd7 C:\Users\danie\Documents\MCUXpressoIDE_25.6.136\lpc1769_drivers\CMSISv2p00_LPC17xx\Debug\libCMSISv2p00_LPC17xx.a(lpc17xx_libcfg_default.o)
 .debug_macro   0x00004289       0x9f C:\Users\danie\Documents\MCUXpressoIDE_25.6.136\lpc1769_drivers\CMSISv2p00_LPC17xx\Debug\libCMSISv2p00_LPC17xx.a(lpc17xx_pinsel.o)
 .debug_macro   0x00004328       0xa9 C:\Users\danie\Documents\MCUXpressoIDE_25.6.136\lpc1769_drivers\CMSISv2p00_LPC17xx\Debug\libCMSISv2p00_LPC17xx.a(lpc17xx_qei.o)
 .debug_macro   0x000043d1      0x39a C:\Users\danie\Documents\MCUXpressoIDE_25.6.136\lpc1769_drivers\CMSISv2p00_LPC17xx\Debug\libCMSISv2p00_LPC17xx.a(lpc17xx_qei.o)
 .debug_macro   0x0000476b       0xc1 C:\Users\danie\Documents\MCUXpressoIDE_25.6.136\lpc1769_drivers\CMSISv2p00_LPC17xx\Debug\libCMSISv2p00_LPC17xx.a(lpc17xx_uart.o)

.debug_line     0x00000000     0x6479
 .debug_line    0x00000000      0x6e3 ./src/comms.o
 .debug_line    0x000006e3      0x11e ./src/cr_startup_lpc175x_6x.o
 .debug_line    0x00000801       0xae ./src/crp.o
 .debug_line    0x000008af      0x442 ./src/encoder.o
 .debug_line    0x00000cf1      0x227 ./src/homing.o
 .debug_line    0x00000f18      0x419 ./src/limit_switches.o
 .debug_line    0x00001331      0x21b ./src/main.o
 .debug_line    0x0000154c      0x70e ./src/motor.o
 .debug_line    0x00001c5a      0x32b ./src/pot.o
 .debug_line    0x00001f85      0x40c C:\Users\danie\Documents\MCUXpressoIDE_25.6.136\lpc1769_drivers\CMSISv2p00_LPC17xx\Debug\libCMSISv2p00_LPC17xx.a(system_LPC17xx.o)
 .debug_line    0x00002391      0x734 C:\Users\danie\Documents\MCUXpressoIDE_25.6.136\lpc1769_drivers\CMSISv2p00_LPC17xx\Debug\libCMSISv2p00_LPC17xx.a(lpc17xx_adc.o)
 .debug_line    0x00002ac5      0x455 C:\Users\danie\Documents\MCUXpressoIDE_25.6.136\lpc1769_drivers\CMSISv2p00_LPC17xx\Debug\libCMSISv2p00_LPC17xx.a(lpc17xx_clkpwr.o)
 .debug_line    0x00002f1a      0x581 C:\Users\danie\Documents\MCUXpressoIDE_25.6.136\lpc1769_drivers\CMSISv2p00_LPC17xx\Debug\libCMSISv2p00_LPC17xx.a(lpc17xx_exti.o)
 .debug_line    0x0000349b      0xed4 C:\Users\danie\Documents\MCUXpressoIDE_25.6.136\lpc1769_drivers\CMSISv2p00_LPC17xx\Debug\libCMSISv2p00_LPC17xx.a(lpc17xx_gpio.o)
 .debug_line    0x0000436f      0x213 C:\Users\danie\Documents\MCUXpressoIDE_25.6.136\lpc1769_drivers\CMSISv2p00_LPC17xx\Debug\libCMSISv2p00_LPC17xx.a(lpc17xx_libcfg_default.o)
 .debug_line    0x00004582      0x4b1 C:\Users\danie\Documents\MCUXpressoIDE_25.6.136\lpc1769_drivers\CMSISv2p00_LPC17xx\Debug\libCMSISv2p00_LPC17xx.a(lpc17xx_pinsel.o)
 .debug_line    0x00004a33      0x869 C:\Users\danie\Documents\MCUXpressoIDE_25.6.136\lpc1769_drivers\CMSISv2p00_LPC17xx\Debug\libCMSISv2p00_LPC17xx.a(lpc17xx_qei.o)
 .debug_line    0x0000529c     0x1052 C:\Users\danie\Documents\MCUXpressoIDE_25.6.136\lpc1769_drivers\CMSISv2p00_LPC17xx\Debug\libCMSISv2p00_LPC17xx.a(lpc17xx_uart.o)
 .debug_line    0x000062ee       0x4a C:/nxp/MCUXpressoIDE_25.6.136/ide/plugins/com.nxp.mcuxpresso.tools.win32_25.6.0.202501151204/tools/bin/../lib/gcc/arm-none-eabi/14.2.1/../../../../arm-none-eabi/lib/thumb/v7-m/nofp\libcr_c.a(__weak__main.o)
 .debug_line    0x00006338      0x141 C:/nxp/MCUXpressoIDE_25.6.136/ide/plugins/com.nxp.mcuxpresso.tools.win32_25.6.0.202501151204/tools/bin/../lib/gcc/arm-none-eabi/14.2.1/../../../../arm-none-eabi/lib/thumb/v7-m/nofp\libcr_c.a(strlen.o)

.debug_str      0x00000000    0x108a5
 .debug_str     0x00000000    0x108a5 ./src/comms.o
                               0xa760 (size before relaxing)
 .debug_str     0x000108a5     0x3096 ./src/cr_startup_lpc175x_6x.o
 .debug_str     0x000108a5     0x2f7f ./src/crp.o
 .debug_str     0x000108a5     0xa9dc ./src/encoder.o
 .debug_str     0x000108a5     0x469a ./src/homing.o
 .debug_str     0x000108a5     0x92e2 ./src/limit_switches.o
 .debug_str     0x000108a5     0x46c6 ./src/main.o
 .debug_str     0x000108a5     0x97cd ./src/motor.o
 .debug_str     0x000108a5     0x9028 ./src/pot.o
 .debug_str     0x000108a5     0x8a4f C:\Users\danie\Documents\MCUXpressoIDE_25.6.136\lpc1769_drivers\CMSISv2p00_LPC17xx\Debug\libCMSISv2p00_LPC17xx.a(system_LPC17xx.o)
 .debug_str     0x000108a5     0xa615 C:\Users\danie\Documents\MCUXpressoIDE_25.6.136\lpc1769_drivers\CMSISv2p00_LPC17xx\Debug\libCMSISv2p00_LPC17xx.a(lpc17xx_adc.o)
 .debug_str     0x000108a5     0x9c49 C:\Users\danie\Documents\MCUXpressoIDE_25.6.136\lpc1769_drivers\CMSISv2p00_LPC17xx\Debug\libCMSISv2p00_LPC17xx.a(lpc17xx_clkpwr.o)
 .debug_str     0x000108a5     0x911b C:\Users\danie\Documents\MCUXpressoIDE_25.6.136\lpc1769_drivers\CMSISv2p00_LPC17xx\Debug\libCMSISv2p00_LPC17xx.a(lpc17xx_exti.o)
 .debug_str     0x000108a5     0x94c8 C:\Users\danie\Documents\MCUXpressoIDE_25.6.136\lpc1769_drivers\CMSISv2p00_LPC17xx\Debug\libCMSISv2p00_LPC17xx.a(lpc17xx_gpio.o)
 .debug_str     0x000108a5     0x4876 C:\Users\danie\Documents\MCUXpressoIDE_25.6.136\lpc1769_drivers\CMSISv2p00_LPC17xx\Debug\libCMSISv2p00_LPC17xx.a(lpc17xx_libcfg_default.o)
 .debug_str     0x000108a5     0x9001 C:\Users\danie\Documents\MCUXpressoIDE_25.6.136\lpc1769_drivers\CMSISv2p00_LPC17xx\Debug\libCMSISv2p00_LPC17xx.a(lpc17xx_pinsel.o)
 .debug_str     0x000108a5     0xb61c C:\Users\danie\Documents\MCUXpressoIDE_25.6.136\lpc1769_drivers\CMSISv2p00_LPC17xx\Debug\libCMSISv2p00_LPC17xx.a(lpc17xx_qei.o)
 .debug_str     0x000108a5     0xc184 C:\Users\danie\Documents\MCUXpressoIDE_25.6.136\lpc1769_drivers\CMSISv2p00_LPC17xx\Debug\libCMSISv2p00_LPC17xx.a(lpc17xx_uart.o)
 .debug_str     0x000108a5      0x126 C:/nxp/MCUXpressoIDE_25.6.136/ide/plugins/com.nxp.mcuxpresso.tools.win32_25.6.0.202501151204/tools/bin/../lib/gcc/arm-none-eabi/14.2.1/../../../../arm-none-eabi/lib/thumb/v7-m/nofp\libcr_c.a(__weak__main.o)
 .debug_str     0x000108a5      0x17a C:/nxp/MCUXpressoIDE_25.6.136/ide/plugins/com.nxp.mcuxpresso.tools.win32_25.6.0.202501151204/tools/bin/../lib/gcc/arm-none-eabi/14.2.1/../../../../arm-none-eabi/lib/thumb/v7-m/nofp\libcr_c.a(strlen.o)

.comment        0x00000000       0x45
 .comment       0x00000000       0x45 ./src/comms.o
                                 0x46 (size before relaxing)
 .comment       0x00000045       0x46 ./src/cr_startup_lpc175x_6x.o
 .comment       0x00000045       0x46 ./src/crp.o
 .comment       0x00000045       0x46 ./src/encoder.o
 .comment       0x00000045       0x46 ./src/homing.o
 .comment       0x00000045       0x46 ./src/limit_switches.o
 .comment       0x00000045       0x46 ./src/main.o
 .comment       0x00000045       0x46 ./src/motor.o
 .comment       0x00000045       0x46 ./src/pot.o
 .comment       0x00000045       0x46 C:\Users\danie\Documents\MCUXpressoIDE_25.6.136\lpc1769_drivers\CMSISv2p00_LPC17xx\Debug\libCMSISv2p00_LPC17xx.a(system_LPC17xx.o)
 .comment       0x00000045       0x46 C:\Users\danie\Documents\MCUXpressoIDE_25.6.136\lpc1769_drivers\CMSISv2p00_LPC17xx\Debug\libCMSISv2p00_LPC17xx.a(lpc17xx_adc.o)
 .comment       0x00000045       0x46 C:\Users\danie\Documents\MCUXpressoIDE_25.6.136\lpc1769_drivers\CMSISv2p00_LPC17xx\Debug\libCMSISv2p00_LPC17xx.a(lpc17xx_clkpwr.o)
 .comment       0x00000045       0x46 C:\Users\danie\Documents\MCUXpressoIDE_25.6.136\lpc1769_drivers\CMSISv2p00_LPC17xx\Debug\libCMSISv2p00_LPC17xx.a(lpc17xx_exti.o)
 .comment       0x00000045       0x46 C:\Users\danie\Documents\MCUXpressoIDE_25.6.136\lpc1769_drivers\CMSISv2p00_LPC17xx\Debug\libCMSISv2p00_LPC17xx.a(lpc17xx_gpio.o)
 .comment       0x00000045       0x46 C:\Users\danie\Documents\MCUXpressoIDE_25.6.136\lpc1769_drivers\CMSISv2p00_LPC17xx\Debug\libCMSISv2p00_LPC17xx.a(lpc17xx_libcfg_default.o)
 .comment       0x00000045       0x46 C:\Users\danie\Documents\MCUXpressoIDE_25.6.136\lpc1769_drivers\CMSISv2p00_LPC17xx\Debug\libCMSISv2p00_LPC17xx.a(lpc17xx_pinsel.o)
 .comment       0x00000045       0x46 C:\Users\danie\Documents\MCUXpressoIDE_25.6.136\lpc1769_drivers\CMSISv2p00_LPC17xx\Debug\libCMSISv2p00_LPC17xx.a(lpc17xx_qei.o)
 .comment       0x00000045       0x46 C:\Users\danie\Documents\MCUXpressoIDE_25.6.136\lpc1769_drivers\CMSISv2p00_LPC17xx\Debug\libCMSISv2p00_LPC17xx.a(lpc17xx_uart.o)
 .comment       0x00000045       0x46 C:/nxp/MCUXpressoIDE_25.6.136/ide/plugins/com.nxp.mcuxpresso.tools.win32_25.6.0.202501151204/tools/bin/../lib/gcc/arm-none-eabi/14.2.1/../../../../arm-none-eabi/lib/thumb/v7-m/nofp\libcr_c.a(__weak__main.o)
 .comment       0x00000045       0x46 C:/nxp/MCUXpressoIDE_25.6.136/ide/plugins/com.nxp.mcuxpresso.tools.win32_25.6.0.202501151204/tools/bin/../lib/gcc/arm-none-eabi/14.2.1/../../../../arm-none-eabi/lib/thumb/v7-m/nofp\libcr_c.a(strlen.o)

.ARM.attributes
                0x00000000       0x2b
 .ARM.attributes
                0x00000000       0x2d ./src/comms.o
 .ARM.attributes
                0x0000002d       0x2d ./src/cr_startup_lpc175x_6x.o
 .ARM.attributes
                0x0000005a       0x2d ./src/crp.o
 .ARM.attributes
                0x00000087       0x2d ./src/encoder.o
 .ARM.attributes
                0x000000b4       0x2d ./src/homing.o
 .ARM.attributes
                0x000000e1       0x2d ./src/limit_switches.o
 .ARM.attributes
                0x0000010e       0x2d ./src/main.o
 .ARM.attributes
                0x0000013b       0x2d ./src/motor.o
 .ARM.attributes
                0x00000168       0x2d ./src/pot.o
 .ARM.attributes
                0x00000195       0x2d C:\Users\danie\Documents\MCUXpressoIDE_25.6.136\lpc1769_drivers\CMSISv2p00_LPC17xx\Debug\libCMSISv2p00_LPC17xx.a(system_LPC17xx.o)
 .ARM.attributes
                0x000001c2       0x2d C:\Users\danie\Documents\MCUXpressoIDE_25.6.136\lpc1769_drivers\CMSISv2p00_LPC17xx\Debug\libCMSISv2p00_LPC17xx.a(lpc17xx_adc.o)
 .ARM.attributes
                0x000001ef       0x2d C:\Users\danie\Documents\MCUXpressoIDE_25.6.136\lpc1769_drivers\CMSISv2p00_LPC17xx\Debug\libCMSISv2p00_LPC17xx.a(lpc17xx_clkpwr.o)
 .ARM.attributes
                0x0000021c       0x2d C:\Users\danie\Documents\MCUXpressoIDE_25.6.136\lpc1769_drivers\CMSISv2p00_LPC17xx\Debug\libCMSISv2p00_LPC17xx.a(lpc17xx_exti.o)
 .ARM.attributes
                0x00000249       0x2d C:\Users\danie\Documents\MCUXpressoIDE_25.6.136\lpc1769_drivers\CMSISv2p00_LPC17xx\Debug\libCMSISv2p00_LPC17xx.a(lpc17xx_gpio.o)
 .ARM.attributes
                0x00000276       0x2d C:\Users\danie\Documents\MCUXpressoIDE_25.6.136\lpc1769_drivers\CMSISv2p00_LPC17xx\Debug\libCMSISv2p00_LPC17xx.a(lpc17xx_libcfg_default.o)
 .ARM.attributes
                0x000002a3       0x2d C:\Users\danie\Documents\MCUXpressoIDE_25.6.136\lpc1769_drivers\CMSISv2p00_LPC17xx\Debug\libCMSISv2p00_LPC17xx.a(lpc17xx_pinsel.o)
 .ARM.attributes
                0x000002d0       0x2d C:\Users\danie\Documents\MCUXpressoIDE_25.6.136\lpc1769_drivers\CMSISv2p00_LPC17xx\Debug\libCMSISv2p00_LPC17xx.a(lpc17xx_qei.o)
 .ARM.attributes
                0x000002fd       0x2d C:\Users\danie\Documents\MCUXpressoIDE_25.6.136\lpc1769_drivers\CMSISv2p00_LPC17xx\Debug\libCMSISv2p00_LPC17xx.a(lpc17xx_uart.o)
 .ARM.attributes
                0x0000032a       0x2d C:/nxp/MCUXpressoIDE_25.6.136/ide/plugins/com.nxp.mcuxpresso.tools.win32_25.6.0.202501151204/tools/bin/../lib/gcc/arm-none-eabi/14.2.1/../../../../arm-none-eabi/lib/thumb/v7-m/nofp\libcr_c.a(__weak__main.o)
 .ARM.attributes
                0x00000357       0x2d C:/nxp/MCUXpressoIDE_25.6.136/ide/plugins/com.nxp.mcuxpresso.tools.win32_25.6.0.202501151204/tools/bin/../lib/gcc/arm-none-eabi/14.2.1/../../../../arm-none-eabi/lib/thumb/v7-m/nofp\libcr_c.a(strlen.o)
 .ARM.attributes
                0x00000384       0x1b C:/nxp/MCUXpressoIDE_25.6.136/ide/plugins/com.nxp.mcuxpresso.tools.win32_25.6.0.202501151204/tools/bin/../lib/gcc/arm-none-eabi/14.2.1/thumb/v7-m/nofp\libcr_eabihelpers.a(division_64.o)
 .ARM.attributes
                0x0000039f       0x1b C:/nxp/MCUXpressoIDE_25.6.136/ide/plugins/com.nxp.mcuxpresso.tools.win32_25.6.0.202501151204/tools/bin/../lib/gcc/arm-none-eabi/14.2.1/thumb/v7-m/nofp\libcr_eabihelpers.a(division_idiv0.o)

.debug_frame    0x00000000     0x1464
 .debug_frame   0x00000000      0x13c ./src/comms.o
 .debug_frame   0x0000013c      0x170 ./src/cr_startup_lpc175x_6x.o
 .debug_frame   0x000002ac       0xb8 ./src/encoder.o
 .debug_frame   0x00000364       0x2c ./src/homing.o
 .debug_frame   0x00000390       0xb8 ./src/limit_switches.o
 .debug_frame   0x00000448       0x2c ./src/main.o
 .debug_frame   0x00000474      0x26c ./src/motor.o
 .debug_frame   0x000006e0       0x50 ./src/pot.o
 .debug_frame   0x00000730       0x38 C:\Users\danie\Documents\MCUXpressoIDE_25.6.136\lpc1769_drivers\CMSISv2p00_LPC17xx\Debug\libCMSISv2p00_LPC17xx.a(system_LPC17xx.o)
 .debug_frame   0x00000768      0x174 C:\Users\danie\Documents\MCUXpressoIDE_25.6.136\lpc1769_drivers\CMSISv2p00_LPC17xx\Debug\libCMSISv2p00_LPC17xx.a(lpc17xx_adc.o)
 .debug_frame   0x000008dc       0xa0 C:\Users\danie\Documents\MCUXpressoIDE_25.6.136\lpc1769_drivers\CMSISv2p00_LPC17xx\Debug\libCMSISv2p00_LPC17xx.a(lpc17xx_clkpwr.o)
 .debug_frame   0x0000097c       0xbc C:\Users\danie\Documents\MCUXpressoIDE_25.6.136\lpc1769_drivers\CMSISv2p00_LPC17xx\Debug\libCMSISv2p00_LPC17xx.a(lpc17xx_exti.o)
 .debug_frame   0x00000a38      0x3e0 C:\Users\danie\Documents\MCUXpressoIDE_25.6.136\lpc1769_drivers\CMSISv2p00_LPC17xx\Debug\libCMSISv2p00_LPC17xx.a(lpc17xx_gpio.o)
 .debug_frame   0x00000e18       0x20 C:\Users\danie\Documents\MCUXpressoIDE_25.6.136\lpc1769_drivers\CMSISv2p00_LPC17xx\Debug\libCMSISv2p00_LPC17xx.a(lpc17xx_libcfg_default.o)
 .debug_frame   0x00000e38       0x84 C:\Users\danie\Documents\MCUXpressoIDE_25.6.136\lpc1769_drivers\CMSISv2p00_LPC17xx\Debug\libCMSISv2p00_LPC17xx.a(lpc17xx_pinsel.o)
 .debug_frame   0x00000ebc      0x240 C:\Users\danie\Documents\MCUXpressoIDE_25.6.136\lpc1769_drivers\CMSISv2p00_LPC17xx\Debug\libCMSISv2p00_LPC17xx.a(lpc17xx_qei.o)
 .debug_frame   0x000010fc      0x320 C:\Users\danie\Documents\MCUXpressoIDE_25.6.136\lpc1769_drivers\CMSISv2p00_LPC17xx\Debug\libCMSISv2p00_LPC17xx.a(lpc17xx_uart.o)
 .debug_frame   0x0000141c       0x20 C:/nxp/MCUXpressoIDE_25.6.136/ide/plugins/com.nxp.mcuxpresso.tools.win32_25.6.0.202501151204/tools/bin/../lib/gcc/arm-none-eabi/14.2.1/../../../../arm-none-eabi/lib/thumb/v7-m/nofp\libcr_c.a(__weak__main.o)
 .debug_frame   0x0000143c       0x28 C:/nxp/MCUXpressoIDE_25.6.136/ide/plugins/com.nxp.mcuxpresso.tools.win32_25.6.0.202501151204/tools/bin/../lib/gcc/arm-none-eabi/14.2.1/../../../../arm-none-eabi/lib/thumb/v7-m/nofp\libcr_c.a(strlen.o)

.debug_loc      0x00000000     0x42bf
 .debug_loc     0x00000000      0x42a C:\Users\danie\Documents\MCUXpressoIDE_25.6.136\lpc1769_drivers\CMSISv2p00_LPC17xx\Debug\libCMSISv2p00_LPC17xx.a(lpc17xx_adc.o)
 .debug_loc     0x0000042a      0x21b C:\Users\danie\Documents\MCUXpressoIDE_25.6.136\lpc1769_drivers\CMSISv2p00_LPC17xx\Debug\libCMSISv2p00_LPC17xx.a(lpc17xx_clkpwr.o)
 .debug_loc     0x00000645      0x2d3 C:\Users\danie\Documents\MCUXpressoIDE_25.6.136\lpc1769_drivers\CMSISv2p00_LPC17xx\Debug\libCMSISv2p00_LPC17xx.a(lpc17xx_exti.o)
 .debug_loc     0x00000918     0x1bd9 C:\Users\danie\Documents\MCUXpressoIDE_25.6.136\lpc1769_drivers\CMSISv2p00_LPC17xx\Debug\libCMSISv2p00_LPC17xx.a(lpc17xx_gpio.o)
 .debug_loc     0x000024f1       0x2a C:\Users\danie\Documents\MCUXpressoIDE_25.6.136\lpc1769_drivers\CMSISv2p00_LPC17xx\Debug\libCMSISv2p00_LPC17xx.a(lpc17xx_libcfg_default.o)
 .debug_loc     0x0000251b      0x312 C:\Users\danie\Documents\MCUXpressoIDE_25.6.136\lpc1769_drivers\CMSISv2p00_LPC17xx\Debug\libCMSISv2p00_LPC17xx.a(lpc17xx_pinsel.o)
 .debug_loc     0x0000282d      0x7e1 C:\Users\danie\Documents\MCUXpressoIDE_25.6.136\lpc1769_drivers\CMSISv2p00_LPC17xx\Debug\libCMSISv2p00_LPC17xx.a(lpc17xx_qei.o)
 .debug_loc     0x0000300e     0x11c1 C:\Users\danie\Documents\MCUXpressoIDE_25.6.136\lpc1769_drivers\CMSISv2p00_LPC17xx\Debug\libCMSISv2p00_LPC17xx.a(lpc17xx_uart.o)
 .debug_loc     0x000041cf       0xf0 C:/nxp/MCUXpressoIDE_25.6.136/ide/plugins/com.nxp.mcuxpresso.tools.win32_25.6.0.202501151204/tools/bin/../lib/gcc/arm-none-eabi/14.2.1/../../../../arm-none-eabi/lib/thumb/v7-m/nofp\libcr_c.a(strlen.o)

Cross Reference Table

Symbol                                            File
ADC_BurstDisable                                  C:\Users\danie\Documents\MCUXpressoIDE_25.6.136\lpc1769_drivers\CMSISv2p00_LPC17xx\Debug\libCMSISv2p00_LPC17xx.a(lpc17xx_adc.o)
ADC_BurstEnable                                   C:\Users\danie\Documents\MCUXpressoIDE_25.6.136\lpc1769_drivers\CMSISv2p00_LPC17xx\Debug\libCMSISv2p00_LPC17xx.a(lpc17xx_adc.o)
ADC_ChannelDisable                                C:\Users\danie\Documents\MCUXpressoIDE_25.6.136\lpc1769_drivers\CMSISv2p00_LPC17xx\Debug\libCMSISv2p00_LPC17xx.a(lpc17xx_adc.o)
ADC_ChannelEnable                                 C:\Users\danie\Documents\MCUXpressoIDE_25.6.136\lpc1769_drivers\CMSISv2p00_LPC17xx\Debug\libCMSISv2p00_LPC17xx.a(lpc17xx_adc.o)
                                                  ./src/pot.o
ADC_ChannelGetData                                C:\Users\danie\Documents\MCUXpressoIDE_25.6.136\lpc1769_drivers\CMSISv2p00_LPC17xx\Debug\libCMSISv2p00_LPC17xx.a(lpc17xx_adc.o)
                                                  ./src/pot.o
ADC_ChannelGetStatus                              C:\Users\danie\Documents\MCUXpressoIDE_25.6.136\lpc1769_drivers\CMSISv2p00_LPC17xx\Debug\libCMSISv2p00_LPC17xx.a(lpc17xx_adc.o)
                                                  ./src/pot.o
ADC_DeInit                                        C:\Users\danie\Documents\MCUXpressoIDE_25.6.136\lpc1769_drivers\CMSISv2p00_LPC17xx\Debug\libCMSISv2p00_LPC17xx.a(lpc17xx_adc.o)
ADC_EdgeStartConfig                               C:\Users\danie\Documents\MCUXpressoIDE_25.6.136\lpc1769_drivers\CMSISv2p00_LPC17xx\Debug\libCMSISv2p00_LPC17xx.a(lpc17xx_adc.o)
ADC_GlobalGetData                                 C:\Users\danie\Documents\MCUXpressoIDE_25.6.136\lpc1769_drivers\CMSISv2p00_LPC17xx\Debug\libCMSISv2p00_LPC17xx.a(lpc17xx_adc.o)
ADC_GlobalGetStatus                               C:\Users\danie\Documents\MCUXpressoIDE_25.6.136\lpc1769_drivers\CMSISv2p00_LPC17xx\Debug\libCMSISv2p00_LPC17xx.a(lpc17xx_adc.o)
ADC_IRQHandler                                    ./src/cr_startup_lpc175x_6x.o
ADC_Init                                          C:\Users\danie\Documents\MCUXpressoIDE_25.6.136\lpc1769_drivers\CMSISv2p00_LPC17xx\Debug\libCMSISv2p00_LPC17xx.a(lpc17xx_adc.o)
                                                  ./src/pot.o
ADC_IntDisable                                    C:\Users\danie\Documents\MCUXpressoIDE_25.6.136\lpc1769_drivers\CMSISv2p00_LPC17xx\Debug\libCMSISv2p00_LPC17xx.a(lpc17xx_adc.o)
                                                  ./src/pot.o
ADC_IntEnable                                     C:\Users\danie\Documents\MCUXpressoIDE_25.6.136\lpc1769_drivers\CMSISv2p00_LPC17xx\Debug\libCMSISv2p00_LPC17xx.a(lpc17xx_adc.o)
ADC_PinConfig                                     C:\Users\danie\Documents\MCUXpressoIDE_25.6.136\lpc1769_drivers\CMSISv2p00_LPC17xx\Debug\libCMSISv2p00_LPC17xx.a(lpc17xx_adc.o)
                                                  ./src/pot.o
ADC_PowerDown                                     C:\Users\danie\Documents\MCUXpressoIDE_25.6.136\lpc1769_drivers\CMSISv2p00_LPC17xx\Debug\libCMSISv2p00_LPC17xx.a(lpc17xx_adc.o)
ADC_PowerUp                                       C:\Users\danie\Documents\MCUXpressoIDE_25.6.136\lpc1769_drivers\CMSISv2p00_LPC17xx\Debug\libCMSISv2p00_LPC17xx.a(lpc17xx_adc.o)
ADC_StartCmd                                      C:\Users\danie\Documents\MCUXpressoIDE_25.6.136\lpc1769_drivers\CMSISv2p00_LPC17xx\Debug\libCMSISv2p00_LPC17xx.a(lpc17xx_adc.o)
                                                  ./src/pot.o
BOD_IRQHandler                                    ./src/cr_startup_lpc175x_6x.o
BusFault_Handler                                  ./src/cr_startup_lpc175x_6x.o
CANActivity_IRQHandler                            ./src/cr_startup_lpc175x_6x.o
CAN_IRQHandler                                    ./src/cr_startup_lpc175x_6x.o
CLKPWR_ConfigPPWR                                 C:\Users\danie\Documents\MCUXpressoIDE_25.6.136\lpc1769_drivers\CMSISv2p00_LPC17xx\Debug\libCMSISv2p00_LPC17xx.a(lpc17xx_clkpwr.o)
                                                  C:\Users\danie\Documents\MCUXpressoIDE_25.6.136\lpc1769_drivers\CMSISv2p00_LPC17xx\Debug\libCMSISv2p00_LPC17xx.a(lpc17xx_uart.o)
                                                  C:\Users\danie\Documents\MCUXpressoIDE_25.6.136\lpc1769_drivers\CMSISv2p00_LPC17xx\Debug\libCMSISv2p00_LPC17xx.a(lpc17xx_qei.o)
                                                  C:\Users\danie\Documents\MCUXpressoIDE_25.6.136\lpc1769_drivers\CMSISv2p00_LPC17xx\Debug\libCMSISv2p00_LPC17xx.a(lpc17xx_adc.o)
CLKPWR_DeepPowerDown                              C:\Users\danie\Documents\MCUXpressoIDE_25.6.136\lpc1769_drivers\CMSISv2p00_LPC17xx\Debug\libCMSISv2p00_LPC17xx.a(lpc17xx_clkpwr.o)
CLKPWR_DeepSleep                                  C:\Users\danie\Documents\MCUXpressoIDE_25.6.136\lpc1769_drivers\CMSISv2p00_LPC17xx\Debug\libCMSISv2p00_LPC17xx.a(lpc17xx_clkpwr.o)
CLKPWR_GetPCLK                                    C:\Users\danie\Documents\MCUXpressoIDE_25.6.136\lpc1769_drivers\CMSISv2p00_LPC17xx\Debug\libCMSISv2p00_LPC17xx.a(lpc17xx_clkpwr.o)
                                                  C:\Users\danie\Documents\MCUXpressoIDE_25.6.136\lpc1769_drivers\CMSISv2p00_LPC17xx\Debug\libCMSISv2p00_LPC17xx.a(lpc17xx_uart.o)
                                                  C:\Users\danie\Documents\MCUXpressoIDE_25.6.136\lpc1769_drivers\CMSISv2p00_LPC17xx\Debug\libCMSISv2p00_LPC17xx.a(lpc17xx_qei.o)
                                                  C:\Users\danie\Documents\MCUXpressoIDE_25.6.136\lpc1769_drivers\CMSISv2p00_LPC17xx\Debug\libCMSISv2p00_LPC17xx.a(lpc17xx_adc.o)
CLKPWR_GetPCLKSEL                                 C:\Users\danie\Documents\MCUXpressoIDE_25.6.136\lpc1769_drivers\CMSISv2p00_LPC17xx\Debug\libCMSISv2p00_LPC17xx.a(lpc17xx_clkpwr.o)
CLKPWR_PowerDown                                  C:\Users\danie\Documents\MCUXpressoIDE_25.6.136\lpc1769_drivers\CMSISv2p00_LPC17xx\Debug\libCMSISv2p00_LPC17xx.a(lpc17xx_clkpwr.o)
CLKPWR_SetPCLKDiv                                 C:\Users\danie\Documents\MCUXpressoIDE_25.6.136\lpc1769_drivers\CMSISv2p00_LPC17xx\Debug\libCMSISv2p00_LPC17xx.a(lpc17xx_clkpwr.o)
                                                  C:\Users\danie\Documents\MCUXpressoIDE_25.6.136\lpc1769_drivers\CMSISv2p00_LPC17xx\Debug\libCMSISv2p00_LPC17xx.a(lpc17xx_qei.o)
CLKPWR_Sleep                                      C:\Users\danie\Documents\MCUXpressoIDE_25.6.136\lpc1769_drivers\CMSISv2p00_LPC17xx\Debug\libCMSISv2p00_LPC17xx.a(lpc17xx_clkpwr.o)
CRP_WORD                                          ./src/crp.o
DMA_IRQHandler                                    ./src/cr_startup_lpc175x_6x.o
DebugMon_Handler                                  ./src/cr_startup_lpc175x_6x.o
EINT0_IRQHandler                                  ./src/limit_switches.o
                                                  ./src/cr_startup_lpc175x_6x.o
EINT1_IRQHandler                                  ./src/limit_switches.o
                                                  ./src/cr_startup_lpc175x_6x.o
EINT2_IRQHandler                                  ./src/cr_startup_lpc175x_6x.o
EINT3_IRQHandler                                  ./src/cr_startup_lpc175x_6x.o
ENET_IRQHandler                                   ./src/cr_startup_lpc175x_6x.o
EXTI_ClearFlag                                    C:\Users\danie\Documents\MCUXpressoIDE_25.6.136\lpc1769_drivers\CMSISv2p00_LPC17xx\Debug\libCMSISv2p00_LPC17xx.a(lpc17xx_exti.o)
                                                  ./src/limit_switches.o
EXTI_Config                                       C:\Users\danie\Documents\MCUXpressoIDE_25.6.136\lpc1769_drivers\CMSISv2p00_LPC17xx\Debug\libCMSISv2p00_LPC17xx.a(lpc17xx_exti.o)
EXTI_ConfigEnable                                 C:\Users\danie\Documents\MCUXpressoIDE_25.6.136\lpc1769_drivers\CMSISv2p00_LPC17xx\Debug\libCMSISv2p00_LPC17xx.a(lpc17xx_exti.o)
                                                  ./src/limit_switches.o
EXTI_EnableIRQ                                    C:\Users\danie\Documents\MCUXpressoIDE_25.6.136\lpc1769_drivers\CMSISv2p00_LPC17xx\Debug\libCMSISv2p00_LPC17xx.a(lpc17xx_exti.o)
EXTI_GetFlag                                      C:\Users\danie\Documents\MCUXpressoIDE_25.6.136\lpc1769_drivers\CMSISv2p00_LPC17xx\Debug\libCMSISv2p00_LPC17xx.a(lpc17xx_exti.o)
EXTI_Init                                         C:\Users\danie\Documents\MCUXpressoIDE_25.6.136\lpc1769_drivers\CMSISv2p00_LPC17xx\Debug\libCMSISv2p00_LPC17xx.a(lpc17xx_exti.o)
                                                  ./src/limit_switches.o
EXTI_PinConfig                                    C:\Users\danie\Documents\MCUXpressoIDE_25.6.136\lpc1769_drivers\CMSISv2p00_LPC17xx\Debug\libCMSISv2p00_LPC17xx.a(lpc17xx_exti.o)
                                                  ./src/limit_switches.o
FIO_ByteClearPins                                 C:\Users\danie\Documents\MCUXpressoIDE_25.6.136\lpc1769_drivers\CMSISv2p00_LPC17xx\Debug\libCMSISv2p00_LPC17xx.a(lpc17xx_gpio.o)
FIO_ByteReadValue                                 C:\Users\danie\Documents\MCUXpressoIDE_25.6.136\lpc1769_drivers\CMSISv2p00_LPC17xx\Debug\libCMSISv2p00_LPC17xx.a(lpc17xx_gpio.o)
FIO_ByteSetDir                                    C:\Users\danie\Documents\MCUXpressoIDE_25.6.136\lpc1769_drivers\CMSISv2p00_LPC17xx\Debug\libCMSISv2p00_LPC17xx.a(lpc17xx_gpio.o)
FIO_ByteSetMask                                   C:\Users\danie\Documents\MCUXpressoIDE_25.6.136\lpc1769_drivers\CMSISv2p00_LPC17xx\Debug\libCMSISv2p00_LPC17xx.a(lpc17xx_gpio.o)
FIO_ByteSetPins                                   C:\Users\danie\Documents\MCUXpressoIDE_25.6.136\lpc1769_drivers\CMSISv2p00_LPC17xx\Debug\libCMSISv2p00_LPC17xx.a(lpc17xx_gpio.o)
FIO_ByteTogglePins                                C:\Users\danie\Documents\MCUXpressoIDE_25.6.136\lpc1769_drivers\CMSISv2p00_LPC17xx\Debug\libCMSISv2p00_LPC17xx.a(lpc17xx_gpio.o)
FIO_ByteWriteValue                                C:\Users\danie\Documents\MCUXpressoIDE_25.6.136\lpc1769_drivers\CMSISv2p00_LPC17xx\Debug\libCMSISv2p00_LPC17xx.a(lpc17xx_gpio.o)
FIO_ClearInt                                      C:\Users\danie\Documents\MCUXpressoIDE_25.6.136\lpc1769_drivers\CMSISv2p00_LPC17xx\Debug\libCMSISv2p00_LPC17xx.a(lpc17xx_gpio.o)
FIO_ClearPins                                     C:\Users\danie\Documents\MCUXpressoIDE_25.6.136\lpc1769_drivers\CMSISv2p00_LPC17xx\Debug\libCMSISv2p00_LPC17xx.a(lpc17xx_gpio.o)
FIO_GetPinIntStatus                               C:\Users\danie\Documents\MCUXpressoIDE_25.6.136\lpc1769_drivers\CMSISv2p00_LPC17xx\Debug\libCMSISv2p00_LPC17xx.a(lpc17xx_gpio.o)
FIO_GetPortIntStatus                              C:\Users\danie\Documents\MCUXpressoIDE_25.6.136\lpc1769_drivers\CMSISv2p00_LPC17xx\Debug\libCMSISv2p00_LPC17xx.a(lpc17xx_gpio.o)
FIO_HalfWordClearPins                             C:\Users\danie\Documents\MCUXpressoIDE_25.6.136\lpc1769_drivers\CMSISv2p00_LPC17xx\Debug\libCMSISv2p00_LPC17xx.a(lpc17xx_gpio.o)
FIO_HalfWordReadValue                             C:\Users\danie\Documents\MCUXpressoIDE_25.6.136\lpc1769_drivers\CMSISv2p00_LPC17xx\Debug\libCMSISv2p00_LPC17xx.a(lpc17xx_gpio.o)
FIO_HalfWordSetDir                                C:\Users\danie\Documents\MCUXpressoIDE_25.6.136\lpc1769_drivers\CMSISv2p00_LPC17xx\Debug\libCMSISv2p00_LPC17xx.a(lpc17xx_gpio.o)
FIO_HalfWordSetMask                               C:\Users\danie\Documents\MCUXpressoIDE_25.6.136\lpc1769_drivers\CMSISv2p00_LPC17xx\Debug\libCMSISv2p00_LPC17xx.a(lpc17xx_gpio.o)
FIO_HalfWordSetPins                               C:\Users\danie\Documents\MCUXpressoIDE_25.6.136\lpc1769_drivers\CMSISv2p00_LPC17xx\Debug\libCMSISv2p00_LPC17xx.a(lpc17xx_gpio.o)
FIO_HalfWordTogglePins                            C:\Users\danie\Documents\MCUXpressoIDE_25.6.136\lpc1769_drivers\CMSISv2p00_LPC17xx\Debug\libCMSISv2p00_LPC17xx.a(lpc17xx_gpio.o)
FIO_HalfWordWriteValue                            C:\Users\danie\Documents\MCUXpressoIDE_25.6.136\lpc1769_drivers\CMSISv2p00_LPC17xx\Debug\libCMSISv2p00_LPC17xx.a(lpc17xx_gpio.o)
FIO_IntConfigPin                                  C:\Users\danie\Documents\MCUXpressoIDE_25.6.136\lpc1769_drivers\CMSISv2p00_LPC17xx\Debug\libCMSISv2p00_LPC17xx.a(lpc17xx_gpio.o)
FIO_IntConfigPort                                 C:\Users\danie\Documents\MCUXpressoIDE_25.6.136\lpc1769_drivers\CMSISv2p00_LPC17xx\Debug\libCMSISv2p00_LPC17xx.a(lpc17xx_gpio.o)
FIO_ReadValue                                     C:\Users\danie\Documents\MCUXpressoIDE_25.6.136\lpc1769_drivers\CMSISv2p00_LPC17xx\Debug\libCMSISv2p00_LPC17xx.a(lpc17xx_gpio.o)
FIO_SetDir                                        C:\Users\danie\Documents\MCUXpressoIDE_25.6.136\lpc1769_drivers\CMSISv2p00_LPC17xx\Debug\libCMSISv2p00_LPC17xx.a(lpc17xx_gpio.o)
FIO_SetMask                                       C:\Users\danie\Documents\MCUXpressoIDE_25.6.136\lpc1769_drivers\CMSISv2p00_LPC17xx\Debug\libCMSISv2p00_LPC17xx.a(lpc17xx_gpio.o)
FIO_SetPinState                                   C:\Users\danie\Documents\MCUXpressoIDE_25.6.136\lpc1769_drivers\CMSISv2p00_LPC17xx\Debug\libCMSISv2p00_LPC17xx.a(lpc17xx_gpio.o)
FIO_SetPins                                       C:\Users\danie\Documents\MCUXpressoIDE_25.6.136\lpc1769_drivers\CMSISv2p00_LPC17xx\Debug\libCMSISv2p00_LPC17xx.a(lpc17xx_gpio.o)
FIO_TogglePins                                    C:\Users\danie\Documents\MCUXpressoIDE_25.6.136\lpc1769_drivers\CMSISv2p00_LPC17xx\Debug\libCMSISv2p00_LPC17xx.a(lpc17xx_gpio.o)
FIO_WriteValue                                    C:\Users\danie\Documents\MCUXpressoIDE_25.6.136\lpc1769_drivers\CMSISv2p00_LPC17xx\Debug\libCMSISv2p00_LPC17xx.a(lpc17xx_gpio.o)
GPIO_ClearInt                                     C:\Users\danie\Documents\MCUXpressoIDE_25.6.136\lpc1769_drivers\CMSISv2p00_LPC17xx\Debug\libCMSISv2p00_LPC17xx.a(lpc17xx_gpio.o)
GPIO_ClearPins                                    C:\Users\danie\Documents\MCUXpressoIDE_25.6.136\lpc1769_drivers\CMSISv2p00_LPC17xx\Debug\libCMSISv2p00_LPC17xx.a(lpc17xx_gpio.o)
                                                  ./src/motor.o
GPIO_GetPinIntStatus                              C:\Users\danie\Documents\MCUXpressoIDE_25.6.136\lpc1769_drivers\CMSISv2p00_LPC17xx\Debug\libCMSISv2p00_LPC17xx.a(lpc17xx_gpio.o)
GPIO_GetPortIntStatus                             C:\Users\danie\Documents\MCUXpressoIDE_25.6.136\lpc1769_drivers\CMSISv2p00_LPC17xx\Debug\libCMSISv2p00_LPC17xx.a(lpc17xx_gpio.o)
GPIO_IntConfigPin                                 C:\Users\danie\Documents\MCUXpressoIDE_25.6.136\lpc1769_drivers\CMSISv2p00_LPC17xx\Debug\libCMSISv2p00_LPC17xx.a(lpc17xx_gpio.o)
GPIO_IntConfigPort                                C:\Users\danie\Documents\MCUXpressoIDE_25.6.136\lpc1769_drivers\CMSISv2p00_LPC17xx\Debug\libCMSISv2p00_LPC17xx.a(lpc17xx_gpio.o)
GPIO_ReadValue                                    C:\Users\danie\Documents\MCUXpressoIDE_25.6.136\lpc1769_drivers\CMSISv2p00_LPC17xx\Debug\libCMSISv2p00_LPC17xx.a(lpc17xx_gpio.o)
                                                  ./src/limit_switches.o
GPIO_SetDir                                       C:\Users\danie\Documents\MCUXpressoIDE_25.6.136\lpc1769_drivers\CMSISv2p00_LPC17xx\Debug\libCMSISv2p00_LPC17xx.a(lpc17xx_gpio.o)
                                                  ./src/motor.o
GPIO_SetMask                                      C:\Users\danie\Documents\MCUXpressoIDE_25.6.136\lpc1769_drivers\CMSISv2p00_LPC17xx\Debug\libCMSISv2p00_LPC17xx.a(lpc17xx_gpio.o)
GPIO_SetPinState                                  C:\Users\danie\Documents\MCUXpressoIDE_25.6.136\lpc1769_drivers\CMSISv2p00_LPC17xx\Debug\libCMSISv2p00_LPC17xx.a(lpc17xx_gpio.o)
GPIO_SetPins                                      C:\Users\danie\Documents\MCUXpressoIDE_25.6.136\lpc1769_drivers\CMSISv2p00_LPC17xx\Debug\libCMSISv2p00_LPC17xx.a(lpc17xx_gpio.o)
                                                  ./src/motor.o
GPIO_TogglePins                                   C:\Users\danie\Documents\MCUXpressoIDE_25.6.136\lpc1769_drivers\CMSISv2p00_LPC17xx\Debug\libCMSISv2p00_LPC17xx.a(lpc17xx_gpio.o)
GPIO_WriteValue                                   C:\Users\danie\Documents\MCUXpressoIDE_25.6.136\lpc1769_drivers\CMSISv2p00_LPC17xx\Debug\libCMSISv2p00_LPC17xx.a(lpc17xx_gpio.o)
HardFault_Handler                                 ./src/cr_startup_lpc175x_6x.o
I2C0_IRQHandler                                   ./src/cr_startup_lpc175x_6x.o
I2C1_IRQHandler                                   ./src/cr_startup_lpc175x_6x.o
I2C2_IRQHandler                                   ./src/cr_startup_lpc175x_6x.o
I2S_IRQHandler                                    ./src/cr_startup_lpc175x_6x.o
IntDefaultHandler                                 ./src/cr_startup_lpc175x_6x.o
MCPWM_IRQHandler                                  ./src/cr_startup_lpc175x_6x.o
MemManage_Handler                                 ./src/cr_startup_lpc175x_6x.o
NMI_Handler                                       ./src/cr_startup_lpc175x_6x.o
PINSEL_ConfigMultiplePins                         C:\Users\danie\Documents\MCUXpressoIDE_25.6.136\lpc1769_drivers\CMSISv2p00_LPC17xx\Debug\libCMSISv2p00_LPC17xx.a(lpc17xx_pinsel.o)
PINSEL_ConfigPin                                  C:\Users\danie\Documents\MCUXpressoIDE_25.6.136\lpc1769_drivers\CMSISv2p00_LPC17xx\Debug\libCMSISv2p00_LPC17xx.a(lpc17xx_pinsel.o)
                                                  C:\Users\danie\Documents\MCUXpressoIDE_25.6.136\lpc1769_drivers\CMSISv2p00_LPC17xx\Debug\libCMSISv2p00_LPC17xx.a(lpc17xx_uart.o)
                                                  ./src/motor.o
                                                  ./src/encoder.o
PINSEL_ConfigTraceFunc                            C:\Users\danie\Documents\MCUXpressoIDE_25.6.136\lpc1769_drivers\CMSISv2p00_LPC17xx\Debug\libCMSISv2p00_LPC17xx.a(lpc17xx_pinsel.o)
PINSEL_SetI2CPins                                 C:\Users\danie\Documents\MCUXpressoIDE_25.6.136\lpc1769_drivers\CMSISv2p00_LPC17xx\Debug\libCMSISv2p00_LPC17xx.a(lpc17xx_pinsel.o)
PLL0_IRQHandler                                   ./src/cr_startup_lpc175x_6x.o
PLL1_IRQHandler                                   ./src/cr_startup_lpc175x_6x.o
PWM1_IRQHandler                                   ./src/cr_startup_lpc175x_6x.o
PendSV_Handler                                    ./src/cr_startup_lpc175x_6x.o
QEI_CalculateRPM                                  C:\Users\danie\Documents\MCUXpressoIDE_25.6.136\lpc1769_drivers\CMSISv2p00_LPC17xx\Debug\libCMSISv2p00_LPC17xx.a(lpc17xx_qei.o)
                                                  ./src/encoder.o
QEI_ConfigStructInit                              C:\Users\danie\Documents\MCUXpressoIDE_25.6.136\lpc1769_drivers\CMSISv2p00_LPC17xx\Debug\libCMSISv2p00_LPC17xx.a(lpc17xx_qei.o)
QEI_DeInit                                        C:\Users\danie\Documents\MCUXpressoIDE_25.6.136\lpc1769_drivers\CMSISv2p00_LPC17xx\Debug\libCMSISv2p00_LPC17xx.a(lpc17xx_qei.o)
QEI_GetIndex                                      C:\Users\danie\Documents\MCUXpressoIDE_25.6.136\lpc1769_drivers\CMSISv2p00_LPC17xx\Debug\libCMSISv2p00_LPC17xx.a(lpc17xx_qei.o)
QEI_GetIntStatus                                  C:\Users\danie\Documents\MCUXpressoIDE_25.6.136\lpc1769_drivers\CMSISv2p00_LPC17xx\Debug\libCMSISv2p00_LPC17xx.a(lpc17xx_qei.o)
QEI_GetPosition                                   C:\Users\danie\Documents\MCUXpressoIDE_25.6.136\lpc1769_drivers\CMSISv2p00_LPC17xx\Debug\libCMSISv2p00_LPC17xx.a(lpc17xx_qei.o)
                                                  ./src/encoder.o
QEI_GetStatus                                     C:\Users\danie\Documents\MCUXpressoIDE_25.6.136\lpc1769_drivers\CMSISv2p00_LPC17xx\Debug\libCMSISv2p00_LPC17xx.a(lpc17xx_qei.o)
QEI_GetTimer                                      C:\Users\danie\Documents\MCUXpressoIDE_25.6.136\lpc1769_drivers\CMSISv2p00_LPC17xx\Debug\libCMSISv2p00_LPC17xx.a(lpc17xx_qei.o)
QEI_GetVelocity                                   C:\Users\danie\Documents\MCUXpressoIDE_25.6.136\lpc1769_drivers\CMSISv2p00_LPC17xx\Debug\libCMSISv2p00_LPC17xx.a(lpc17xx_qei.o)
QEI_GetVelocityCap                                C:\Users\danie\Documents\MCUXpressoIDE_25.6.136\lpc1769_drivers\CMSISv2p00_LPC17xx\Debug\libCMSISv2p00_LPC17xx.a(lpc17xx_qei.o)
                                                  ./src/encoder.o
QEI_IRQHandler                                    ./src/cr_startup_lpc175x_6x.o
QEI_Init                                          C:\Users\danie\Documents\MCUXpressoIDE_25.6.136\lpc1769_drivers\CMSISv2p00_LPC17xx\Debug\libCMSISv2p00_LPC17xx.a(lpc17xx_qei.o)
                                                  ./src/encoder.o
QEI_IntClear                                      C:\Users\danie\Documents\MCUXpressoIDE_25.6.136\lpc1769_drivers\CMSISv2p00_LPC17xx\Debug\libCMSISv2p00_LPC17xx.a(lpc17xx_qei.o)
QEI_IntCmd                                        C:\Users\danie\Documents\MCUXpressoIDE_25.6.136\lpc1769_drivers\CMSISv2p00_LPC17xx\Debug\libCMSISv2p00_LPC17xx.a(lpc17xx_qei.o)
QEI_IntSet                                        C:\Users\danie\Documents\MCUXpressoIDE_25.6.136\lpc1769_drivers\CMSISv2p00_LPC17xx\Debug\libCMSISv2p00_LPC17xx.a(lpc17xx_qei.o)
QEI_Reset                                         C:\Users\danie\Documents\MCUXpressoIDE_25.6.136\lpc1769_drivers\CMSISv2p00_LPC17xx\Debug\libCMSISv2p00_LPC17xx.a(lpc17xx_qei.o)
                                                  ./src/encoder.o
QEI_SetDigiFilter                                 C:\Users\danie\Documents\MCUXpressoIDE_25.6.136\lpc1769_drivers\CMSISv2p00_LPC17xx\Debug\libCMSISv2p00_LPC17xx.a(lpc17xx_qei.o)
QEI_SetIndexComp                                  C:\Users\danie\Documents\MCUXpressoIDE_25.6.136\lpc1769_drivers\CMSISv2p00_LPC17xx\Debug\libCMSISv2p00_LPC17xx.a(lpc17xx_qei.o)
QEI_SetMaxPosition                                C:\Users\danie\Documents\MCUXpressoIDE_25.6.136\lpc1769_drivers\CMSISv2p00_LPC17xx\Debug\libCMSISv2p00_LPC17xx.a(lpc17xx_qei.o)
                                                  ./src/encoder.o
QEI_SetPositionComp                               C:\Users\danie\Documents\MCUXpressoIDE_25.6.136\lpc1769_drivers\CMSISv2p00_LPC17xx\Debug\libCMSISv2p00_LPC17xx.a(lpc17xx_qei.o)
QEI_SetTimerReload                                C:\Users\danie\Documents\MCUXpressoIDE_25.6.136\lpc1769_drivers\CMSISv2p00_LPC17xx\Debug\libCMSISv2p00_LPC17xx.a(lpc17xx_qei.o)
                                                  ./src/encoder.o
QEI_SetVelocityComp                               C:\Users\danie\Documents\MCUXpressoIDE_25.6.136\lpc1769_drivers\CMSISv2p00_LPC17xx\Debug\libCMSISv2p00_LPC17xx.a(lpc17xx_qei.o)
RIT_IRQHandler                                    ./src/cr_startup_lpc175x_6x.o
RTC_IRQHandler                                    ./src/cr_startup_lpc175x_6x.o
ResetISR                                          ./src/cr_startup_lpc175x_6x.o
SPI_IRQHandler                                    ./src/cr_startup_lpc175x_6x.o
SSP0_IRQHandler                                   ./src/cr_startup_lpc175x_6x.o
SSP1_IRQHandler                                   ./src/cr_startup_lpc175x_6x.o
SVC_Handler                                       ./src/cr_startup_lpc175x_6x.o
SysTick_Handler                                   ./src/motor.o
                                                  ./src/cr_startup_lpc175x_6x.o
SystemCoreClock                                   C:\Users\danie\Documents\MCUXpressoIDE_25.6.136\lpc1769_drivers\CMSISv2p00_LPC17xx\Debug\libCMSISv2p00_LPC17xx.a(system_LPC17xx.o)
                                                  C:\Users\danie\Documents\MCUXpressoIDE_25.6.136\lpc1769_drivers\CMSISv2p00_LPC17xx\Debug\libCMSISv2p00_LPC17xx.a(lpc17xx_clkpwr.o)
                                                  ./src/motor.o
SystemCoreClockUpdate                             C:\Users\danie\Documents\MCUXpressoIDE_25.6.136\lpc1769_drivers\CMSISv2p00_LPC17xx\Debug\libCMSISv2p00_LPC17xx.a(system_LPC17xx.o)
SystemInit                                        C:\Users\danie\Documents\MCUXpressoIDE_25.6.136\lpc1769_drivers\CMSISv2p00_LPC17xx\Debug\libCMSISv2p00_LPC17xx.a(system_LPC17xx.o)
                                                  ./src/cr_startup_lpc175x_6x.o
TIMER0_IRQHandler                                 ./src/cr_startup_lpc175x_6x.o
TIMER1_IRQHandler                                 ./src/cr_startup_lpc175x_6x.o
TIMER2_IRQHandler                                 ./src/cr_startup_lpc175x_6x.o
TIMER3_IRQHandler                                 ./src/cr_startup_lpc175x_6x.o
UART0_IRQHandler                                  ./src/comms.o
UART1_IRQHandler                                  ./src/cr_startup_lpc175x_6x.o
UART2_IRQHandler                                  ./src/cr_startup_lpc175x_6x.o
UART3_IRQHandler                                  ./src/cr_startup_lpc175x_6x.o
UART_ABClearIntPending                            C:\Users\danie\Documents\MCUXpressoIDE_25.6.136\lpc1769_drivers\CMSISv2p00_LPC17xx\Debug\libCMSISv2p00_LPC17xx.a(lpc17xx_uart.o)
UART_ABCmd                                        C:\Users\danie\Documents\MCUXpressoIDE_25.6.136\lpc1769_drivers\CMSISv2p00_LPC17xx\Debug\libCMSISv2p00_LPC17xx.a(lpc17xx_uart.o)
UART_CheckBusy                                    C:\Users\danie\Documents\MCUXpressoIDE_25.6.136\lpc1769_drivers\CMSISv2p00_LPC17xx\Debug\libCMSISv2p00_LPC17xx.a(lpc17xx_uart.o)
UART_DeInit                                       C:\Users\danie\Documents\MCUXpressoIDE_25.6.136\lpc1769_drivers\CMSISv2p00_LPC17xx\Debug\libCMSISv2p00_LPC17xx.a(lpc17xx_uart.o)
UART_FIFOConfig                                   C:\Users\danie\Documents\MCUXpressoIDE_25.6.136\lpc1769_drivers\CMSISv2p00_LPC17xx\Debug\libCMSISv2p00_LPC17xx.a(lpc17xx_uart.o)
                                                  ./src/comms.o
UART_ForceBreak                                   C:\Users\danie\Documents\MCUXpressoIDE_25.6.136\lpc1769_drivers\CMSISv2p00_LPC17xx\Debug\libCMSISv2p00_LPC17xx.a(lpc17xx_uart.o)
UART_FullModemGetStatus                           C:\Users\danie\Documents\MCUXpressoIDE_25.6.136\lpc1769_drivers\CMSISv2p00_LPC17xx\Debug\libCMSISv2p00_LPC17xx.a(lpc17xx_uart.o)
UART_GetIntId                                     C:\Users\danie\Documents\MCUXpressoIDE_25.6.136\lpc1769_drivers\CMSISv2p00_LPC17xx\Debug\libCMSISv2p00_LPC17xx.a(lpc17xx_uart.o)
                                                  ./src/comms.o
UART_GetLineStatus                                C:\Users\danie\Documents\MCUXpressoIDE_25.6.136\lpc1769_drivers\CMSISv2p00_LPC17xx\Debug\libCMSISv2p00_LPC17xx.a(lpc17xx_uart.o)
                                                  ./src/comms.o
UART_Init                                         C:\Users\danie\Documents\MCUXpressoIDE_25.6.136\lpc1769_drivers\CMSISv2p00_LPC17xx\Debug\libCMSISv2p00_LPC17xx.a(lpc17xx_uart.o)
                                                  ./src/comms.o
UART_IntConfig                                    C:\Users\danie\Documents\MCUXpressoIDE_25.6.136\lpc1769_drivers\CMSISv2p00_LPC17xx\Debug\libCMSISv2p00_LPC17xx.a(lpc17xx_uart.o)
                                                  ./src/comms.o
UART_IrDAInvtInputDisable                         C:\Users\danie\Documents\MCUXpressoIDE_25.6.136\lpc1769_drivers\CMSISv2p00_LPC17xx\Debug\libCMSISv2p00_LPC17xx.a(lpc17xx_uart.o)
UART_IrDAInvtInputEnable                          C:\Users\danie\Documents\MCUXpressoIDE_25.6.136\lpc1769_drivers\CMSISv2p00_LPC17xx\Debug\libCMSISv2p00_LPC17xx.a(lpc17xx_uart.o)
UART_IrDAPulseDivConfig                           C:\Users\danie\Documents\MCUXpressoIDE_25.6.136\lpc1769_drivers\CMSISv2p00_LPC17xx\Debug\libCMSISv2p00_LPC17xx.a(lpc17xx_uart.o)
UART_ModemModeDisable                             C:\Users\danie\Documents\MCUXpressoIDE_25.6.136\lpc1769_drivers\CMSISv2p00_LPC17xx\Debug\libCMSISv2p00_LPC17xx.a(lpc17xx_uart.o)
UART_ModemModeEnable                              C:\Users\danie\Documents\MCUXpressoIDE_25.6.136\lpc1769_drivers\CMSISv2p00_LPC17xx\Debug\libCMSISv2p00_LPC17xx.a(lpc17xx_uart.o)
UART_ModemPinActive                               C:\Users\danie\Documents\MCUXpressoIDE_25.6.136\lpc1769_drivers\CMSISv2p00_LPC17xx\Debug\libCMSISv2p00_LPC17xx.a(lpc17xx_uart.o)
UART_ModemPinInactive                             C:\Users\danie\Documents\MCUXpressoIDE_25.6.136\lpc1769_drivers\CMSISv2p00_LPC17xx\Debug\libCMSISv2p00_LPC17xx.a(lpc17xx_uart.o)
UART_PinConfig                                    C:\Users\danie\Documents\MCUXpressoIDE_25.6.136\lpc1769_drivers\CMSISv2p00_LPC17xx\Debug\libCMSISv2p00_LPC17xx.a(lpc17xx_uart.o)
                                                  ./src/comms.o
UART_RS485Config                                  C:\Users\danie\Documents\MCUXpressoIDE_25.6.136\lpc1769_drivers\CMSISv2p00_LPC17xx\Debug\libCMSISv2p00_LPC17xx.a(lpc17xx_uart.o)
UART_RS485ReceiverDisable                         C:\Users\danie\Documents\MCUXpressoIDE_25.6.136\lpc1769_drivers\CMSISv2p00_LPC17xx\Debug\libCMSISv2p00_LPC17xx.a(lpc17xx_uart.o)
UART_RS485ReceiverEnable                          C:\Users\danie\Documents\MCUXpressoIDE_25.6.136\lpc1769_drivers\CMSISv2p00_LPC17xx\Debug\libCMSISv2p00_LPC17xx.a(lpc17xx_uart.o)
UART_RS485Send                                    C:\Users\danie\Documents\MCUXpressoIDE_25.6.136\lpc1769_drivers\CMSISv2p00_LPC17xx\Debug\libCMSISv2p00_LPC17xx.a(lpc17xx_uart.o)
UART_RS485SendData                                C:\Users\danie\Documents\MCUXpressoIDE_25.6.136\lpc1769_drivers\CMSISv2p00_LPC17xx\Debug\libCMSISv2p00_LPC17xx.a(lpc17xx_uart.o)
UART_RS485SendSlvAddr                             C:\Users\danie\Documents\MCUXpressoIDE_25.6.136\lpc1769_drivers\CMSISv2p00_LPC17xx\Debug\libCMSISv2p00_LPC17xx.a(lpc17xx_uart.o)
UART_Receive                                      C:\Users\danie\Documents\MCUXpressoIDE_25.6.136\lpc1769_drivers\CMSISv2p00_LPC17xx\Debug\libCMSISv2p00_LPC17xx.a(lpc17xx_uart.o)
                                                  ./src/comms.o
UART_ReceiveByte                                  C:\Users\danie\Documents\MCUXpressoIDE_25.6.136\lpc1769_drivers\CMSISv2p00_LPC17xx\Debug\libCMSISv2p00_LPC17xx.a(lpc17xx_uart.o)
UART_Send                                         C:\Users\danie\Documents\MCUXpressoIDE_25.6.136\lpc1769_drivers\CMSISv2p00_LPC17xx\Debug\libCMSISv2p00_LPC17xx.a(lpc17xx_uart.o)
                                                  ./src/comms.o
UART_SendByte                                     C:\Users\danie\Documents\MCUXpressoIDE_25.6.136\lpc1769_drivers\CMSISv2p00_LPC17xx\Debug\libCMSISv2p00_LPC17xx.a(lpc17xx_uart.o)
UART_TxDisable                                    C:\Users\danie\Documents\MCUXpressoIDE_25.6.136\lpc1769_drivers\CMSISv2p00_LPC17xx\Debug\libCMSISv2p00_LPC17xx.a(lpc17xx_uart.o)
UART_TxEnable                                     C:\Users\danie\Documents\MCUXpressoIDE_25.6.136\lpc1769_drivers\CMSISv2p00_LPC17xx\Debug\libCMSISv2p00_LPC17xx.a(lpc17xx_uart.o)
                                                  ./src/comms.o
USBActivity_IRQHandler                            ./src/cr_startup_lpc175x_6x.o
USB_IRQHandler                                    ./src/cr_startup_lpc175x_6x.o
UsageFault_Handler                                ./src/cr_startup_lpc175x_6x.o
WDT_IRQHandler                                    ./src/cr_startup_lpc175x_6x.o
__aeabi_idiv0                                     C:/nxp/MCUXpressoIDE_25.6.136/ide/plugins/com.nxp.mcuxpresso.tools.win32_25.6.0.202501151204/tools/bin/../lib/gcc/arm-none-eabi/14.2.1/thumb/v7-m/nofp\libcr_eabihelpers.a(division_idiv0.o)
                                                  C:/nxp/MCUXpressoIDE_25.6.136/ide/plugins/com.nxp.mcuxpresso.tools.win32_25.6.0.202501151204/tools/bin/../lib/gcc/arm-none-eabi/14.2.1/thumb/v7-m/nofp\libcr_eabihelpers.a(division_64.o)
__aeabi_ldivmod                                   C:/nxp/MCUXpressoIDE_25.6.136/ide/plugins/com.nxp.mcuxpresso.tools.win32_25.6.0.202501151204/tools/bin/../lib/gcc/arm-none-eabi/14.2.1/thumb/v7-m/nofp\libcr_eabihelpers.a(division_64.o)
__aeabi_uldivmod                                  C:/nxp/MCUXpressoIDE_25.6.136/ide/plugins/com.nxp.mcuxpresso.tools.win32_25.6.0.202501151204/tools/bin/../lib/gcc/arm-none-eabi/14.2.1/thumb/v7-m/nofp\libcr_eabihelpers.a(division_64.o)
                                                  C:\Users\danie\Documents\MCUXpressoIDE_25.6.136\lpc1769_drivers\CMSISv2p00_LPC17xx\Debug\libCMSISv2p00_LPC17xx.a(lpc17xx_qei.o)
                                                  C:\Users\danie\Documents\MCUXpressoIDE_25.6.136\lpc1769_drivers\CMSISv2p00_LPC17xx\Debug\libCMSISv2p00_LPC17xx.a(system_LPC17xx.o)