C:\Users\danie\Documents\MCUXpressoIDE_25.6.136\lpc1769_drivers\CMSISv2p00_LPC17xx\inc/core_cm3.h:1012:22:NVIC_SetPriority	16	static
C:\Users\danie\Documents\MCUXpressoIDE_25.6.136\lpc1769_drivers\CMSISv2p00_LPC17xx\inc/core_cm3.h:1137:26:SysTick_Config	16	static
../src/motor.c:68:6:motor_init	8	static
../src/motor.c:78:13:motor_configPins	16	static
../src/motor.c:98:13:applyDir	16	static
../src/motor.c:103:6:motor_move	16	static
../src/motor.c:122:6:motor_jog	16	static
../src/motor.c:136:6:motor_stop	4	static
../src/motor.c:140:9:motor_busy	4	static
../src/motor.c:144:9:motor_dir	4	static
../src/motor.c:148:9:motor_position	4	static
../src/motor.c:152:9:motor_position_centimm	16	static
../src/motor.c:159:6:motor_set_position	16	static
../src/motor.c:163:6:motor_goto_steps	24	static
../src/motor.c:170:6:motor_goto_centimm	24	static
../src/motor.c:178:6:motor_set_max_speed	16	static
../src/motor.c:185:6:SysTick_Handler	16	static
