C:\Users\danie\Documents\MCUXpressoIDE_25.6.136\lpc1769_drivers\CMSISv2p00_LPC17xx\inc/core_cm3.h:1012:22:NVIC_SetPriority	16	static
C:\Users\danie\Documents\MCUXpressoIDE_25.6.136\lpc1769_drivers\CMSISv2p00_LPC17xx\inc/core_cm3.h:1137:26:SysTick_Config	16	static
../src/motor.c:56:6:motor_init	8	static
../src/motor.c:66:13:motor_configPins	16	static
../src/motor.c:86:13:applyDir	16	static
../src/motor.c:91:6:motor_move	16	static
../src/motor.c:110:6:motor_jog	16	static
../src/motor.c:124:6:motor_stop	4	static
../src/motor.c:128:9:motor_busy	4	static
../src/motor.c:132:9:motor_dir	4	static
../src/motor.c:136:9:motor_position	4	static
../src/motor.c:140:7:motor_position_mm	8	static
../src/motor.c:144:6:motor_set_position	16	static
../src/motor.c:148:6:motor_set_max_speed	16	static
../src/motor.c:154:6:motor_goto_steps	24	static
../src/motor.c:161:6:motor_goto_mm	24	static
../src/motor.c:169:6:SysTick_Handler	8	static
